Component: ARM Compiler 5.06 update 6 (build 750) Tool: armlink [4d35ed]

==============================================================================

Section Cross References

    led.o(.text) refers to led.o(.constdata) for led_Index
    main.o(.text) refers to joystick.o(.text) for Joystick_Get_Status
    main.o(.text) refers to uart.o(.text) for UART_Send
    main.o(.text) refers to rt_cmsis.o(i.osDelay) for osDelay
    main.o(.text) refers to led.o(.text) for Led_On
    main.o(.text) refers to uart.o(.data) for UART_Buffer_Count
    main.o(.text) refers to uart.o(.bss) for UART_Buffer
    uart.o(.text) refers to system_lpc17xx.o(.data) for SystemCoreClock
    uart.o(.text) refers to uart.o(.bss) for UART_Buffer
    uart.o(.text) refers to uart.o(.data) for UART_Buffer_Count
    rtx_conf_cm.o(.emb_text) refers to rt_cmsis.o(i.osKernelInitialize) for osKernelInitialize
    rtx_conf_cm.o(.emb_text) refers to rt_cmsis.o(i.osThreadCreate) for osThreadCreate
    rtx_conf_cm.o(.emb_text) refers to rt_cmsis.o(i.osKernelStart) for osKernelStart
    rtx_conf_cm.o(.emb_text) refers to exit.o(.text) for exit
    rtx_conf_cm.o(.emb_text) refers to rtx_conf_cm.o(.data) for os_thread_def_main
    rtx_conf_cm.o(.text) refers to rt_task.o(i.rt_tsk_self) for rt_tsk_self
    rtx_conf_cm.o(.text) refers to rt_mutex.o(i.rt_mut_init) for rt_mut_init
    rtx_conf_cm.o(.text) refers to rt_cmsis.o(.data) for os_running
    rtx_conf_cm.o(.text) refers to rtx_conf_cm.o(.bss) for .bss
    rtx_conf_cm.o(.text) refers to libspace.o(.bss) for __libspace_start
    rtx_conf_cm.o(.text) refers to rtx_conf_cm.o(.data) for .data
    rtx_conf_cm.o(.text) refers to rt_mutex.o(i.rt_mut_wait) for rt_mut_wait
    rtx_conf_cm.o(.text) refers to rt_mutex.o(i.rt_mut_release) for rt_mut_release
    rtx_conf_cm.o(.constdata) refers to rt_cmsis.o(i.osTimerThread) for osTimerThread
    rtx_conf_cm.o(.constdata) refers to rtx_conf_cm.o(.bss) for os_messageQ_q_osTimerMessageQ
    rtx_conf_cm.o(.data) refers to main.o(.text) for main
    startup_lpc17xx.o(STACK) refers (Special) to heapauxi.o(.text) for __use_two_region_memory
    startup_lpc17xx.o(HEAP) refers (Special) to heapauxi.o(.text) for __use_two_region_memory
    startup_lpc17xx.o(RESET) refers (Special) to heapauxi.o(.text) for __use_two_region_memory
    startup_lpc17xx.o(RESET) refers to startup_lpc17xx.o(STACK) for __initial_sp
    startup_lpc17xx.o(RESET) refers to startup_lpc17xx.o(.text) for Reset_Handler
    startup_lpc17xx.o(RESET) refers to hal_cm3.o(.emb_text) for SVC_Handler
    startup_lpc17xx.o(RESET) refers to uart.o(.text) for UART0_IRQHandler
    startup_lpc17xx.o(.ARM.__at_0x02FC) refers (Special) to heapauxi.o(.text) for __use_two_region_memory
    startup_lpc17xx.o(.text) refers (Special) to heapauxi.o(.text) for __use_two_region_memory
    startup_lpc17xx.o(.text) refers to system_lpc17xx.o(.text) for SystemInit
    startup_lpc17xx.o(.text) refers to __main.o(!!!main) for __main
    startup_lpc17xx.o(.text) refers to startup_lpc17xx.o(HEAP) for Heap_Mem
    startup_lpc17xx.o(.text) refers to startup_lpc17xx.o(STACK) for Stack_Mem
    system_lpc17xx.o(.text) refers to lludivv7m.o(.text) for __aeabi_uldivmod
    system_lpc17xx.o(.text) refers to system_lpc17xx.o(.data) for SystemCoreClock
    rt_cmsis.o(i.isrMessageGet) refers to rt_mailbox.o(i.isr_mbx_receive) for isr_mbx_receive
    rt_cmsis.o(i.isrMessagePut) refers to rt_mailbox.o(i.rt_mbx_check) for rt_mbx_check
    rt_cmsis.o(i.isrMessagePut) refers to rt_mailbox.o(i.isr_mbx_send) for isr_mbx_send
    rt_cmsis.o(i.isrSemaphoreRelease) refers to rt_cmsis.o(i.rt_id2obj) for rt_id2obj
    rt_cmsis.o(i.isrSemaphoreRelease) refers to rt_semaphore.o(i.isr_sem_send) for isr_sem_send
    rt_cmsis.o(i.isrSignalSet) refers to rt_cmsis.o(i.rt_tid2ptcb) for rt_tid2ptcb
    rt_cmsis.o(i.isrSignalSet) refers to rt_event.o(i.isr_evt_set) for isr_evt_set
    rt_cmsis.o(i.osDelay) refers to rt_cmsis.o(i.svcDelay) for svcDelay
    rt_cmsis.o(i.osKernelInitialize) refers to rt_cmsis.o(i.svcKernelInitialize) for svcKernelInitialize
    rt_cmsis.o(i.osKernelRunning) refers to rt_cmsis.o(i.svcKernelRunning) for svcKernelRunning
    rt_cmsis.o(i.osKernelRunning) refers to rt_cmsis.o(.data) for .data
    rt_cmsis.o(i.osKernelStart) refers to rtx_conf_cm.o(.constdata) for os_flags
    rt_cmsis.o(i.osKernelStart) refers to rt_cmsis.o(i.svcKernelStart) for svcKernelStart
    rt_cmsis.o(i.osKernelSysTick) refers to rt_cmsis.o(i.svcKernelSysTick) for svcKernelSysTick
    rt_cmsis.o(i.osMailAlloc) refers to rt_cmsis.o(i.sysMailAlloc) for sysMailAlloc
    rt_cmsis.o(i.osMailCAlloc) refers to rt_cmsis.o(i.sysMailAlloc) for sysMailAlloc
    rt_cmsis.o(i.osMailCAlloc) refers to rt_cmsis.o(i.rt_clr_box) for rt_clr_box
    rt_cmsis.o(i.osMailCreate) refers to rt_cmsis.o(i.svcMailCreate) for svcMailCreate
    rt_cmsis.o(i.osMailCreate) refers to rt_cmsis.o(.data) for .data
[...]
    libinit.o(.ARM.Collect$$libinit$$00000000) refers (Special) to libinit2.o(.ARM.Collect$$libinit$$0000002C) for __rt_lib_init_argv_1
    libinit.o(.ARM.Collect$$libinit$$00000000) refers (Special) to libinit2.o(.ARM.Collect$$libinit$$0000001B) for __rt_lib_init_atexit_1
    libinit.o(.ARM.Collect$$libinit$$00000000) refers (Special) to libinit2.o(.ARM.Collect$$libinit$$00000021) for __rt_lib_init_clock_1
    libinit.o(.ARM.Collect$$libinit$$00000000) refers (Special) to libinit2.o(.ARM.Collect$$libinit$$00000032) for __rt_lib_init_cpp_1
    libinit.o(.ARM.Collect$$libinit$$00000000) refers (Special) to libinit2.o(.ARM.Collect$$libinit$$00000030) for __rt_lib_init_exceptions_1
    libinit.o(.ARM.Collect$$libinit$$00000000) refers (Special) to libinit2.o(.ARM.Collect$$libinit$$00000002) for __rt_lib_init_fp_1
    libinit.o(.ARM.Collect$$libinit$$00000000) refers (Special) to libinit2.o(.ARM.Collect$$libinit$$0000001F) for __rt_lib_init_fp_trap_1
    libinit.o(.ARM.Collect$$libinit$$00000000) refers (Special) to libinit2.o(.ARM.Collect$$libinit$$00000023) for __rt_lib_init_getenv_1
    libinit.o(.ARM.Collect$$libinit$$00000000) refers (Special) to libinit2.o(.ARM.Collect$$libinit$$0000000A) for __rt_lib_init_heap_1
    libinit.o(.ARM.Collect$$libinit$$00000000) refers (Special) to libinit2.o(.ARM.Collect$$libinit$$00000011) for __rt_lib_init_lc_collate_1
    libinit.o(.ARM.Collect$$libinit$$00000000) refers (Special) to libinit2.o(.ARM.Collect$$libinit$$00000013) for __rt_lib_init_lc_ctype_1
    libinit.o(.ARM.Collect$$libinit$$00000000) refers (Special) to libinit2.o(.ARM.Collect$$libinit$$00000015) for __rt_lib_init_lc_monetary_1
    libinit.o(.ARM.Collect$$libinit$$00000000) refers (Special) to libinit2.o(.ARM.Collect$$libinit$$00000017) for __rt_lib_init_lc_numeric_1
    libinit.o(.ARM.Collect$$libinit$$00000000) refers (Special) to libinit2.o(.ARM.Collect$$libinit$$00000019) for __rt_lib_init_lc_time_1
    libinit.o(.ARM.Collect$$libinit$$00000000) refers (Special) to libinit2.o(.ARM.Collect$$libinit$$00000004) for __rt_lib_init_preinit_1
    libinit.o(.ARM.Collect$$libinit$$00000000) refers (Special) to libinit2.o(.ARM.Collect$$libinit$$0000000E) for __rt_lib_init_rand_1
    libinit.o(.ARM.Collect$$libinit$$00000000) refers (Special) to libinit2.o(.ARM.Collect$$libinit$$00000033) for __rt_lib_init_return
    libinit.o(.ARM.Collect$$libinit$$00000000) refers (Special) to libinit2.o(.ARM.Collect$$libinit$$0000001D) for __rt_lib_init_signal_1
    libinit.o(.ARM.Collect$$libinit$$00000000) refers (Special) to libinit2.o(.ARM.Collect$$libinit$$00000025) for __rt_lib_init_stdio_1
    libinit.o(.ARM.Collect$$libinit$$00000000) refers (Special) to libinit2.o(.ARM.Collect$$libinit$$0000000C) for __rt_lib_init_user_alloc_1
    libshutdown.o(.ARM.Collect$$libshutdown$$00000000) refers (Special) to libshutdown2.o(.ARM.Collect$$libshutdown$$00000002) for __rt_lib_shutdown_cpp_1
    libshutdown.o(.ARM.Collect$$libshutdown$$00000000) refers (Special) to libshutdown2.o(.ARM.Collect$$libshutdown$$00000007) for __rt_lib_shutdown_fp_trap_1
    libshutdown.o(.ARM.Collect$$libshutdown$$00000000) refers (Special) to libshutdown2.o(.ARM.Collect$$libshutdown$$0000000F) for __rt_lib_shutdown_heap_1
    libshutdown.o(.ARM.Collect$$libshutdown$$00000000) refers (Special) to libshutdown2.o(.ARM.Collect$$libshutdown$$00000010) for __rt_lib_shutdown_return
    libshutdown.o(.ARM.Collect$$libshutdown$$00000000) refers (Special) to libshutdown2.o(.ARM.Collect$$libshutdown$$0000000A) for __rt_lib_shutdown_signal_1
    libshutdown.o(.ARM.Collect$$libshutdown$$00000000) refers (Special) to libshutdown2.o(.ARM.Collect$$libshutdown$$00000004) for __rt_lib_shutdown_stdio_1
    libshutdown.o(.ARM.Collect$$libshutdown$$00000000) refers (Special) to libshutdown2.o(.ARM.Collect$$libshutdown$$0000000C) for __rt_lib_shutdown_user_alloc_1
    rt_raise.o(.text) refers to __raise.o(.text) for __raise
    rt_raise.o(.text) refers to sys_exit.o(.text) for _sys_exit
    defsig_exit.o(.text) refers to sys_exit.o(.text) for _sys_exit
    defsig_fpe_inner.o(.text) refers to defsig_general.o(.text) for __default_signal_display
    libinit2.o(.ARM.Collect$$libinit$$00000010) refers to libinit2.o(.ARM.Collect$$libinit$$0000000F) for .ARM.Collect$$libinit$$0000000F
    libinit2.o(.ARM.Collect$$libinit$$00000012) refers to libinit2.o(.ARM.Collect$$libinit$$0000000F) for .ARM.Collect$$libinit$$0000000F
    libinit2.o(.ARM.Collect$$libinit$$00000014) refers to libinit2.o(.ARM.Collect$$libinit$$0000000F) for .ARM.Collect$$libinit$$0000000F
    libinit2.o(.ARM.Collect$$libinit$$00000016) refers to libinit2.o(.ARM.Collect$$libinit$$0000000F) for .ARM.Collect$$libinit$$0000000F
    libinit2.o(.ARM.Collect$$libinit$$00000018) refers to libinit2.o(.ARM.Collect$$libinit$$0000000F) for .ARM.Collect$$libinit$$0000000F
    libinit2.o(.ARM.Collect$$libinit$$00000026) refers to argv_veneer.o(.emb_text) for __ARM_argv_veneer
    libinit2.o(.ARM.Collect$$libinit$$00000027) refers to argv_veneer.o(.emb_text) for __ARM_argv_veneer
    __raise.o(.text) refers to defsig.o(CL$$defsig) for __default_signal_handler
    defsig_general.o(.text) refers to sys_wrch.o(.text) for _ttywrch
    argv_veneer.o(.emb_text) refers to no_argv.o(.text) for __ARM_get_argv
    sys_wrch.o(.text) refers (Special) to use_no_semi.o(.text) for __I$use$semihosting
    sys_wrch.o(.text) refers (Special) to indicate_semi.o(.text) for __semihosting_library_function
    defsig.o(CL$$defsig) refers to defsig_fpe_inner.o(.text) for __rt_SIGFPE_inner
    defsig.o(CL$$defsig) refers to defsig_rtmem_inner.o(.text) for __rt_SIGRTMEM_inner
    _get_argv_nomalloc.o(.text) refers (Special) to hrguard.o(.text) for __heap_region$guard
    _get_argv_nomalloc.o(.text) refers to defsig_rtmem_outer.o(.text) for __rt_SIGRTMEM
    _get_argv_nomalloc.o(.text) refers to sys_command.o(.text) for _sys_command_string
    sys_command.o(.text) refers (Special) to use_no_semi.o(.text) for __I$use$semihosting
    sys_command.o(.text) refers (Special) to indicate_semi.o(.text) for __semihosting_library_function
    defsig_abrt_inner.o(.text) refers to defsig_general.o(.text) for __default_signal_display
    defsig_rtred_inner.o(.text) refers to defsig_general.o(.text) for __default_signal_display
    defsig_rtmem_inner.o(.text) refers to defsig_general.o(.text) for __default_signal_display
    defsig_rtmem_outer.o(.text) refers to defsig_rtmem_inner.o(.text) for __rt_SIGRTMEM_inner
    defsig_rtmem_outer.o(.text) refers to defsig_exit.o(.text) for __sig_exit
    defsig_rtmem_formal.o(.text) refers to rt_raise.o(.text) for __rt_raise
    defsig_stak_inner.o(.text) refers to defsig_general.o(.text) for __default_signal_display
    defsig_pvfn_inner.o(.text) refers to defsig_general.o(.text) for __default_signal_display
    defsig_cppl_inner.o(.text) refers to defsig_general.o(.text) for __default_signal_display
    defsig_segv_inner.o(.text) refers to defsig_general.o(.text) for __default_signal_display
    defsig_other.o(.text) refers to defsig_general.o(.text) for __default_signal_display


==============================================================================

Removing Unused input sections from the image.

    Removing joystick.o(.rev16_text), (4 bytes).
    Removing joystick.o(.revsh_text), (4 bytes).
    Removing joystick.o(.rrx_text), (6 bytes).
    Removing led.o(.rev16_text), (4 bytes).
    Removing led.o(.revsh_text), (4 bytes).
    Removing led.o(.rrx_text), (6 bytes).
    Removing main.o(.rev16_text), (4 bytes).
    Removing main.o(.revsh_text), (4 bytes).
    Removing main.o(.rrx_text), (6 bytes).
    Removing uart.o(.rev16_text), (4 bytes).
    Removing uart.o(.revsh_text), (4 bytes).
    Removing uart.o(.rrx_text), (6 bytes).
    Removing system_lpc17xx.o(.rev16_text), (4 bytes).
    Removing system_lpc17xx.o(.revsh_text), (4 bytes).
    Removing system_lpc17xx.o(.rrx_text), (6 bytes).
    Removing rt_cmsis.o(.rev16_text), (4 bytes).
    Removing rt_cmsis.o(.revsh_text), (4 bytes).
    Removing rt_cmsis.o(.rrx_text), (6 bytes).
    Removing rt_cmsis.o(i.isrSemaphoreRelease), (40 bytes).
    Removing rt_cmsis.o(i.isrSignalSet), (36 bytes).
    Removing rt_cmsis.o(i.osKernelRunning), (36 bytes).
    Removing rt_cmsis.o(i.osKernelSysTick), (24 bytes).
    Removing rt_cmsis.o(i.osMailAlloc), (28 bytes).
    Removing rt_cmsis.o(i.osMailCAlloc), (48 bytes).
    Removing rt_cmsis.o(i.osMailCreate), (48 bytes).
    Removing rt_cmsis.o(i.osMailFree), (28 bytes).
    Removing rt_cmsis.o(i.osMailGet), (22 bytes).
    Removing rt_cmsis.o(i.osMailPut), (20 bytes).
    Removing rt_cmsis.o(i.osMessageCreate), (48 bytes).
    Removing rt_cmsis.o(i.osMessagePut), (24 bytes).
    Removing rt_cmsis.o(i.osMutexCreate), (48 bytes).
    Removing rt_cmsis.o(i.osMutexDelete), (24 bytes).
    Removing rt_cmsis.o(i.osMutexRelease), (24 bytes).
    Removing rt_cmsis.o(i.osMutexWait), (24 bytes).
    Removing rt_cmsis.o(i.osPoolAlloc), (32 bytes).
    Removing rt_cmsis.o(i.osPoolCAlloc), (52 bytes).
    Removing rt_cmsis.o(i.osPoolCreate), (48 bytes).
    Removing rt_cmsis.o(i.osPoolFree), (32 bytes).
    Removing rt_cmsis.o(i.osSemaphoreCreate), (48 bytes).
    Removing rt_cmsis.o(i.osSemaphoreDelete), (24 bytes).
    Removing rt_cmsis.o(i.osSemaphoreRelease), (24 bytes).
    Removing rt_cmsis.o(i.osSemaphoreWait), (24 bytes).
    Removing rt_cmsis.o(i.osSignalClear), (24 bytes).
    Removing rt_cmsis.o(i.osSignalSet), (24 bytes).
    Removing rt_cmsis.o(i.osSignalWait), (24 bytes).
    Removing rt_cmsis.o(i.osThreadGetId), (24 bytes).
    Removing rt_cmsis.o(i.osThreadGetPriority), (24 bytes).
    Removing rt_cmsis.o(i.osThreadSetPriority), (24 bytes).
    Removing rt_cmsis.o(i.osThreadTerminate), (24 bytes).
    Removing rt_cmsis.o(i.osThreadYield), (24 bytes).
    Removing rt_cmsis.o(i.osTimerCreate), (52 bytes).
    Removing rt_cmsis.o(i.osTimerDelete), (24 bytes).
    Removing rt_cmsis.o(i.osTimerStart), (24 bytes).
    Removing rt_cmsis.o(i.osTimerStop), (24 bytes).
    Removing rt_cmsis.o(i.osWait), (4 bytes).
    Removing rt_cmsis.o(i.os_resume), (12 bytes).
    Removing rt_cmsis.o(i.os_suspend), (12 bytes).
    Removing rt_cmsis.o(i.rt_clr_box), (24 bytes).
    Removing rt_cmsis.o(i.rt_timer_remove), (60 bytes).
    Removing rt_cmsis.o(i.svcKernelRunning), (12 bytes).
    Removing rt_cmsis.o(i.svcKernelSysTick), (56 bytes).
    Removing rt_cmsis.o(i.svcMailCreate), (66 bytes).
    Removing rt_cmsis.o(i.svcMessagePut), (54 bytes).
    Removing rt_cmsis.o(i.svcMutexCreate), (28 bytes).
    Removing rt_cmsis.o(i.svcMutexDelete), (26 bytes).
    Removing rt_cmsis.o(i.svcMutexRelease), (34 bytes).
    Removing rt_cmsis.o(i.svcMutexWait), (54 bytes).
    Removing rt_cmsis.o(i.svcPoolCreate), (40 bytes).
    Removing rt_cmsis.o(i.svcSemaphoreCreate), (36 bytes).
    Removing rt_cmsis.o(i.svcSemaphoreDelete), (26 bytes).
    Removing rt_cmsis.o(i.svcSemaphoreRelease), (40 bytes).
    Removing rt_cmsis.o(i.svcSemaphoreWait), (50 bytes).
    Removing rt_cmsis.o(i.svcSignalClear), (36 bytes).
    Removing rt_cmsis.o(i.svcSignalSet), (36 bytes).
    Removing rt_cmsis.o(i.svcSignalWait), (84 bytes).
    Removing rt_cmsis.o(i.svcThreadGetPriority), (18 bytes).
    Removing rt_cmsis.o(i.svcThreadSetPriority), (46 bytes).
    Removing rt_cmsis.o(i.svcThreadYield), (10 bytes).
    Removing rt_cmsis.o(i.svcTimerCreate), (56 bytes).
    Removing rt_cmsis.o(i.svcTimerDelete), (40 bytes).
    Removing rt_cmsis.o(i.svcTimerStart), (100 bytes).
    Removing rt_cmsis.o(i.svcTimerStop), (36 bytes).
    Removing rt_cmsis.o(i.sysMailAlloc), (88 bytes).
    Removing rt_cmsis.o(i.sysMailFree), (96 bytes).
    Removing rt_cmsis.o(i.sysPoolAlloc), (10 bytes).
    Removing rt_cmsis.o(i.sysPoolFree), (20 bytes).
    Removing rt_cmsis.o(i.sysUserTimerUpdate), (48 bytes).
    Removing rt_cmsis.o(i.sysUserTimerWakeupTime), (20 bytes).
    Removing rt_task.o(i.rt_tsk_pass), (48 bytes).
    Removing rt_mutex.o(i.rt_mut_delete), (176 bytes).
    Removing rt_system.o(.emb_text), (0 bytes).
    Removing rt_system.o(i.os_tick_ovf), (16 bytes).
    Removing rt_system.o(i.os_tick_val), (20 bytes).
    Removing rt_system.o(i.rt_resume), (136 bytes).
    Removing rt_system.o(i.rt_suspend), (36 bytes).
    Removing rt_system.o(i.rt_tsk_lock), (80 bytes).
    Removing rt_system.o(i.rt_tsk_unlock), (80 bytes).
    Removing rt_event.o(i.isr_evt_set), (40 bytes).
    Removing rt_event.o(i.rt_evt_clr), (28 bytes).
    Removing rt_event.o(i.rt_evt_get), (12 bytes).
    Removing rt_event.o(i.rt_evt_set), (92 bytes).
    Removing rt_event.o(i.rt_evt_wait), (60 bytes).
    Removing rt_list.o(i.rt_get_same_rdy_prio), (36 bytes).
    Removing rt_mailbox.o(i.rt_mbx_send), (152 bytes).
    Removing rt_semaphore.o(i.isr_sem_send), (16 bytes).
    Removing rt_semaphore.o(i.rt_sem_delete), (92 bytes).
    Removing rt_semaphore.o(i.rt_sem_init), (12 bytes).
    Removing rt_semaphore.o(i.rt_sem_send), (42 bytes).
    Removing rt_semaphore.o(i.rt_sem_wait), (64 bytes).
    Removing rt_time.o(i.rt_itv_set), (24 bytes).
    Removing rt_time.o(i.rt_itv_wait), (40 bytes).
    Removing rt_time.o(i.rt_time_get), (12 bytes).
    Removing rt_membox.o(i._calloc_box), (30 bytes).

113 unused section(s) (total 3928 bytes) removed from the image.

==============================================================================

Image Symbol Table

    Local Symbols

    Symbol Name                              Value     Ov Type        Size  Object(Section)

    RESET                                    0x00000000   Section      204  startup_lpc17xx.o(RESET)
    ../clib/angel/boardlib.s                 0x00000000   Number         0  boardinit2.o ABSOLUTE
    ../clib/angel/boardlib.s                 0x00000000   Number         0  boardinit1.o ABSOLUTE
    ../clib/angel/boardlib.s                 0x00000000   Number         0  boardshut.o ABSOLUTE
    ../clib/angel/handlers.s                 0x00000000   Number         0  __scatter_copy.o ABSOLUTE
    ../clib/angel/handlers.s                 0x00000000   Number         0  __scatter_zi.o ABSOLUTE
    ../clib/angel/kernel.s                   0x00000000   Number         0  __rtentry2.o ABSOLUTE
    ../clib/angel/kernel.s                   0x00000000   Number         0  rtexit.o ABSOLUTE
    ../clib/angel/kernel.s                   0x00000000   Number         0  rtexit2.o ABSOLUTE
    ../clib/angel/kernel.s                   0x00000000   Number         0  __rtentry.o ABSOLUTE
    ../clib/angel/kernel.s                   0x00000000   Number         0  __rtentry4.o ABSOLUTE
    ../clib/angel/rt.s                       0x00000000   Number         0  aeabi_ldiv0_sigfpe.o ABSOLUTE
    ../clib/angel/rt.s                       0x00000000   Number         0  rt_div0.o ABSOLUTE
    ../clib/angel/rt.s                       0x00000000   Number         0  rt_raise.o ABSOLUTE
    ../clib/angel/rt.s                       0x00000000   Number         0  aeabi_ldiv0.o ABSOLUTE
    ../clib/angel/scatter.s                  0x00000000   Number         0  __scatter.o ABSOLUTE
    ../clib/angel/startup.s                  0x00000000   Number         0  __main.o ABSOLUTE
    ../clib/angel/sys.s                      0x00000000   Number         0  libspace.o ABSOLUTE
    ../clib/angel/sys.s                      0x00000000   Number         0  sys_stackheap_outer.o ABSOLUTE
    ../clib/angel/sys.s                      0x00000000   Number         0  indicate_semi.o ABSOLUTE
    ../clib/angel/sys.s                      0x00000000   Number         0  use_no_semi.o ABSOLUTE
    ../clib/angel/sysapp.c                   0x00000000   Number         0  sys_command.o ABSOLUTE
    ../clib/angel/sysapp.c                   0x00000000   Number         0  sys_exit.o ABSOLUTE
    ../clib/angel/sysapp.c                   0x00000000   Number         0  sys_wrch.o ABSOLUTE
    ../clib/armsys.c                         0x00000000   Number         0  no_argv.o ABSOLUTE
    ../clib/armsys.c                         0x00000000   Number         0  _get_argv_nomalloc.o ABSOLUTE
    ../clib/armsys.c                         0x00000000   Number         0  argv_veneer.o ABSOLUTE
    ../clib/armsys.c                         0x00000000   Number         0  argv_veneer.o ABSOLUTE
    ../clib/heapalloc.c                      0x00000000   Number         0  hrguard.o ABSOLUTE
    ../clib/heapaux.c                        0x00000000   Number         0  heapauxi.o ABSOLUTE
    ../clib/libinit.s                        0x00000000   Number         0  libinit2.o ABSOLUTE
    ../clib/libinit.s                        0x00000000   Number         0  libshutdown2.o ABSOLUTE
    ../clib/libinit.s                        0x00000000   Number         0  libshutdown.o ABSOLUTE
    ../clib/libinit.s                        0x00000000   Number         0  libinit.o ABSOLUTE
    ../clib/longlong.s                       0x00000000   Number         0  lludivv7m.o ABSOLUTE
    ../clib/signal.c                         0x00000000   Number         0  defsig_rtmem_inner.o ABSOLUTE
    ../clib/signal.c                         0x00000000   Number         0  defsig_rtred_inner.o ABSOLUTE
    ../clib/signal.c                         0x00000000   Number         0  defsig_abrt_inner.o ABSOLUTE
    ../clib/signal.c                         0x00000000   Number         0  defsig_fpe_formal.o ABSOLUTE
    ../clib/signal.c                         0x00000000   Number         0  defsig_fpe_outer.o ABSOLUTE
    ../clib/signal.c                         0x00000000   Number         0  defsig_other.o ABSOLUTE
    ../clib/signal.c                         0x00000000   Number         0  defsig_segv_inner.o ABSOLUTE
    ../clib/signal.c                         0x00000000   Number         0  defsig_cppl_inner.o ABSOLUTE
    ../clib/signal.c                         0x00000000   Number         0  defsig_general.o ABSOLUTE
    ../clib/signal.c                         0x00000000   Number         0  __raise.o ABSOLUTE
    ../clib/signal.c                         0x00000000   Number         0  defsig_pvfn_inner.o ABSOLUTE
    ../clib/signal.c                         0x00000000   Number         0  defsig_stak_inner.o ABSOLUTE
    ../clib/signal.c                         0x00000000   Number         0  defsig_rtmem_formal.o ABSOLUTE
    ../clib/signal.c                         0x00000000   Number         0  defsig_rtmem_outer.o ABSOLUTE
    ../clib/signal.c                         0x00000000   Number         0  defsig_fpe_inner.o ABSOLUTE
    ../clib/signal.c                         0x00000000   Number         0  defsig_exit.o ABSOLUTE
    ../clib/signal.s                         0x00000000   Number         0  defsig.o ABSOLUTE
    ../clib/stdlib.c                         0x00000000   Number         0  exit.o ABSOLUTE
    ../fplib/fpinit.s                        0x00000000   Number         0  fpinit.o ABSOLUTE
    ..\HAL_CM.c                              0x00000000   Number         0  hal_cm.o ABSOLUTE
    ..\\rt_CMSIS.c                           0x00000000   Number         0  rt_cmsis.o ABSOLUTE
    ..\\rt_System.c                          0x00000000   Number         0  rt_system.o ABSOLUTE
    ..\rt_CMSIS.c                            0x00000000   Number         0  rt_cmsis.o ABSOLUTE
    ..\rt_Event.c                            0x00000000   Number         0  rt_event.o ABSOLUTE
    ..\rt_List.c                             0x00000000   Number         0  rt_list.o ABSOLUTE
    ..\rt_Mailbox.c                          0x00000000   Number         0  rt_mailbox.o ABSOLUTE
    ..\rt_MemBox.c                           0x00000000   Number         0  rt_membox.o ABSOLUTE
    ..\rt_Memory.c                           0x00000000   Number         0  rt_memory.o ABSOLUTE
    ..\rt_Mutex.c                            0x00000000   Number         0  rt_mutex.o ABSOLUTE
    ..\rt_Robin.c                            0x00000000   Number         0  rt_robin.o ABSOLUTE
    ..\rt_Semaphore.c                        0x00000000   Number         0  rt_semaphore.o ABSOLUTE
    ..\rt_System.c                           0x00000000   Number         0  rt_system.o ABSOLUTE
    ..\rt_Task.c                             0x00000000   Number         0  rt_task.o ABSOLUTE
    ..\rt_Time.c                             0x00000000   Number         0  rt_time.o ABSOLUTE
    HAL_CM3.c                                0x00000000   Number         0  hal_cm3.o ABSOLUTE
    HAL_CM3.c                                0x00000000   Number         0  hal_cm3.o ABSOLUTE
    Joystick.c                               0x00000000   Number         0  joystick.o ABSOLUTE
    Joystick.c                               0x00000000   Number         0  joystick.o ABSOLUTE
    Led.c                                    0x00000000   Number         0  led.o ABSOLUTE
    Led.c                                    0x00000000   Number         0  led.o ABSOLUTE
    RTE\CMSIS\RTX_Conf_CM.c                  0x00000000   Number         0  rtx_conf_cm.o ABSOLUTE
    RTE\Device\LPC1768\startup_LPC17xx.s     0x00000000   Number         0  startup_lpc17xx.o ABSOLUTE
    RTE\Device\LPC1768\system_LPC17xx.c      0x00000000   Number         0  system_lpc17xx.o ABSOLUTE
    RTE\\CMSIS\\RTX_Conf_CM.c                0x00000000   Number         0  rtx_conf_cm.o ABSOLUTE
    RTE\\Device\\LPC1768\\system_LPC17xx.c   0x00000000   Number         0  system_lpc17xx.o ABSOLUTE
    SVC_Table.s                              0x00000000   Number         0  svc_table.o ABSOLUTE
    Uart.c                                   0x00000000   Number         0  uart.o ABSOLUTE
    Uart.c                                   0x00000000   Number         0  uart.o ABSOLUTE
    dc.s                                     0x00000000   Number         0  dc.o ABSOLUTE
    main.c                                   0x00000000   Number         0  main.o ABSOLUTE
    main.c                                   0x00000000   Number         0  main.o ABSOLUTE
    !!!main                                  0x000000cc   Section        8  __main.o(!!!main)
    !!!scatter                               0x000000d4   Section       52  __scatter.o(!!!scatter)
    !!handler_copy                           0x00000108   Section       26  __scatter_copy.o(!!handler_copy)
    !!handler_zi                             0x00000124   Section       28  __scatter_zi.o(!!handler_zi)
    .ARM.Collect$$libinit$$00000000          0x00000140   Section        2  libinit.o(.ARM.Collect$$libinit$$00000000)
    .ARM.Collect$$libinit$$00000002          0x00000142   Section        0  libinit2.o(.ARM.Collect$$libinit$$00000002)
    .ARM.Collect$$libinit$$00000004          0x00000142   Section        0  libinit2.o(.ARM.Collect$$libinit$$00000004)
    .ARM.Collect$$libinit$$0000000A          0x00000142   Section        0  libinit2.o(.ARM.Collect$$libinit$$0000000A)
    .ARM.Collect$$libinit$$0000000C          0x00000142   Section        0  libinit2.o(.ARM.Collect$$libinit$$0000000C)
    .ARM.Collect$$libinit$$0000000E          0x00000142   Section        0  libinit2.o(.ARM.Collect$$libinit$$0000000E)
    .ARM.Collect$$libinit$$00000011          0x00000142   Section        0  libinit2.o(.ARM.Collect$$libinit$$00000011)
    .ARM.Collect$$libinit$$00000013          0x00000142   Section        0  libinit2.o(.ARM.Collect$$libinit$$00000013)
    .ARM.Collect$$libinit$$00000015          0x00000142   Section        0  libinit2.o(.ARM.Collect$$libinit$$00000015)
    .ARM.Collect$$libinit$$00000017          0x00000142   Section        0  libinit2.o(.ARM.Collect$$libinit$$00000017)
    .ARM.Collect$$libinit$$00000019          0x00000142   Section        0  libinit2.o(.ARM.Collect$$libinit$$00000019)
    .ARM.Collect$$libinit$$0000001B          0x00000142   Section        0  libinit2.o(.ARM.Collect$$libinit$$0000001B)
    .ARM.Collect$$libinit$$0000001D          0x00000142   Section        0  libinit2.o(.ARM.Collect$$libinit$$0000001D)
    .ARM.Collect$$libinit$$0000001F          0x00000142   Section        0  libinit2.o(.ARM.Collect$$libinit$$0000001F)
    .ARM.Collect$$libinit$$00000021          0x00000142   Section        0  libinit2.o(.ARM.Collect$$libinit$$00000021)
    .ARM.Collect$$libinit$$00000023          0x00000142   Section        0  libinit2.o(.ARM.Collect$$libinit$$00000023)
    .ARM.Collect$$libinit$$00000025          0x00000142   Section        0  libinit2.o(.ARM.Collect$$libinit$$00000025)
    .ARM.Collect$$libinit$$0000002C          0x00000142   Section        0  libinit2.o(.ARM.Collect$$libinit$$0000002C)
    .ARM.Collect$$libinit$$0000002E          0x00000142   Section        0  libinit2.o(.ARM.Collect$$libinit$$0000002E)
    .ARM.Collect$$libinit$$00000030          0x00000142   Section        0  libinit2.o(.ARM.Collect$$libinit$$00000030)
    .ARM.Collect$$libinit$$00000032          0x00000142   Section        0  libinit2.o(.ARM.Collect$$libinit$$00000032)
    .ARM.Collect$$libinit$$00000033          0x00000142   Section        2  libinit2.o(.ARM.Collect$$libinit$$00000033)
    .ARM.Collect$$libshutdown$$00000000      0x00000144   Section        2  libshutdown.o(.ARM.Collect$$libshutdown$$00000000)
    .ARM.Collect$$libshutdown$$00000002      0x00000146   Section        0  libshutdown2.o(.ARM.Collect$$libshutdown$$00000002)
    .ARM.Collect$$libshutdown$$00000004      0x00000146   Section        0  libshutdown2.o(.ARM.Collect$$libshutdown$$00000004)
    .ARM.Collect$$libshutdown$$00000007      0x00000146   Section        0  libshutdown2.o(.ARM.Collect$$libshutdown$$00000007)
    .ARM.Collect$$libshutdown$$0000000A      0x00000146   Section        0  libshutdown2.o(.ARM.Collect$$libshutdown$$0000000A)
    .ARM.Collect$$libshutdown$$0000000C      0x00000146   Section        0  libshutdown2.o(.ARM.Collect$$libshutdown$$0000000C)
    .ARM.Collect$$libshutdown$$0000000F      0x00000146   Section        0  libshutdown2.o(.ARM.Collect$$libshutdown$$0000000F)
    .ARM.Collect$$libshutdown$$00000010      0x00000146   Section        2  libshutdown2.o(.ARM.Collect$$libshutdown$$00000010)
    .ARM.Collect$$rtentry$$00000000          0x00000148   Section        0  __rtentry.o(.ARM.Collect$$rtentry$$00000000)
    .ARM.Collect$$rtentry$$00000002          0x00000148   Section        0  __rtentry2.o(.ARM.Collect$$rtentry$$00000002)
    .ARM.Collect$$rtentry$$00000004          0x00000148   Section        6  __rtentry4.o(.ARM.Collect$$rtentry$$00000004)
    .ARM.Collect$$rtentry$$00000009          0x0000014e   Section        0  __rtentry2.o(.ARM.Collect$$rtentry$$00000009)
    .ARM.Collect$$rtentry$$0000000A          0x0000014e   Section        4  __rtentry2.o(.ARM.Collect$$rtentry$$0000000A)
    .ARM.Collect$$rtentry$$0000000B          0x00000152   Section        8  __rtentry2.o(.ARM.Collect$$rtentry$$0000000B)
    .ARM.Collect$$rtentry$$0000000D          0x0000015a   Section        8  __rtentry2.o(.ARM.Collect$$rtentry$$0000000D)
    .ARM.Collect$$rtexit$$00000000           0x00000162   Section        2  rtexit.o(.ARM.Collect$$rtexit$$00000000)
    .ARM.Collect$$rtexit$$00000002           0x00000164   Section        0  rtexit2.o(.ARM.Collect$$rtexit$$00000002)
    .ARM.Collect$$rtexit$$00000003           0x00000164   Section        4  rtexit2.o(.ARM.Collect$$rtexit$$00000003)
    .ARM.Collect$$rtexit$$00000004           0x00000168   Section        6  rtexit2.o(.ARM.Collect$$rtexit$$00000004)
    .emb_text                                0x00000170   Section       28  rtx_conf_cm.o(.emb_text)
    .emb_text                                0x0000018c   Section      304  hal_cm3.o(.emb_text)
    .text                                    0x000002bc   Section       60  startup_lpc17xx.o(.text)
    .text                                    0x000002f8   Section        2  use_no_semi.o(.text)
    .text                                    0x000002fa   Section        0  indicate_semi.o(.text)
    i.os_tick_irqack                         0x000002fa   Section        0  rt_system.o(i.os_tick_irqack)
    .ARM.__at_0x02FC                         0x000002fc   Section        4  startup_lpc17xx.o(.ARM.__at_0x02FC)
    .text                                    0x00000300   Section        0  joystick.o(.text)
    .text                                    0x0000036c   Section        0  led.o(.text)
    .text                                    0x00000440   Section        0  main.o(.text)
    .text                                    0x00000590   Section        0  uart.o(.text)
    .text                                    0x000006a8   Section        0  rtx_conf_cm.o(.text)
    __tagsym$$used                           0x00000709   Number         0  rtx_conf_cm.o(.text)
    __tagsym$$used                           0x0000071f   Number         0  rtx_conf_cm.o(.text)
    .text                                    0x0000074c   Section        0  system_lpc17xx.o(.text)
    .text                                    0x00000a3c   Section        8  libspace.o(.text)
    .text                                    0x00000a44   Section      238  lludivv7m.o(.text)
    .text                                    0x00000b32   Section        0  exit.o(.text)
    .text                                    0x00000b44   Section        0  heapauxi.o(.text)
    .text                                    0x00000b4c   Section        0  sys_exit.o(.text)
    .text                                    0x00000b58   Section       74  sys_stackheap_outer.o(.text)
    SVC_TABLE                                0x00000ba4   Section        4  svc_table.o(SVC_TABLE)
    i._init_box                              0x00000ba8   Section        0  rt_membox.o(i._init_box)
    i.dbg_init                               0x00000bf0   Section        0  hal_cm.o(i.dbg_init)
    i.dbg_task_notify                        0x00000c20   Section        0  hal_cm.o(i.dbg_task_notify)
    i.dbg_task_switch                        0x00000c40   Section        0  hal_cm.o(i.dbg_task_switch)
    i.isrMessageGet                          0x00000c50   Section        0  rt_cmsis.o(i.isrMessageGet)
    i.isrMessagePut                          0x00000c7a   Section        0  rt_cmsis.o(i.isrMessagePut)
    i.isr_mbx_receive                        0x00000ca8   Section        0  rt_mailbox.o(i.isr_mbx_receive)
    i.isr_mbx_send                           0x00000cfa   Section        0  rt_mailbox.o(i.isr_mbx_send)
    i.osDelay                                0x00000d08   Section        0  rt_cmsis.o(i.osDelay)
    i.osKernelInitialize                     0x00000d20   Section        0  rt_cmsis.o(i.osKernelInitialize)
    i.osKernelStart                          0x00000d44   Section        0  rt_cmsis.o(i.osKernelStart)
    i.osMessageGet                           0x00000db0   Section        0  rt_cmsis.o(i.osMessageGet)
    i.osThreadCreate                         0x00000dc8   Section        0  rt_cmsis.o(i.osThreadCreate)
    i.osThreadExit                           0x00000df8   Section        0  rt_cmsis.o(i.osThreadExit)
    i.osTimerCall                            0x00000e10   Section        0  rt_cmsis.o(i.osTimerCall)
    i.osTimerThread                          0x00000e1c   Section        0  rt_cmsis.o(i.osTimerThread)
    i.os_tick_init                           0x00000e48   Section        0  rt_system.o(i.os_tick_init)
    i.rt_alloc_box                           0x00000e70   Section        0  rt_membox.o(i.rt_alloc_box)
    i.rt_alloc_mem                           0x00000e8a   Section        0  rt_memory.o(i.rt_alloc_mem)
    i.rt_block                               0x00000ec8   Section        0  rt_task.o(i.rt_block)
    i.rt_chk_robin                           0x00000f00   Section        0  rt_robin.o(i.rt_chk_robin)
    i.rt_dec_dly                             0x00000f48   Section        0  rt_list.o(i.rt_dec_dly)
    i.rt_dispatch                            0x00000fb8   Section        0  rt_task.o(i.rt_dispatch)
    i.rt_dly_wait                            0x00000ffc   Section        0  rt_time.o(i.rt_dly_wait)
    i.rt_evt_psh                             0x00001004   Section        0  rt_event.o(i.rt_evt_psh)
    i.rt_free_box                            0x00001054   Section        0  rt_membox.o(i.rt_free_box)
    i.rt_free_mem                            0x00001080   Section        0  rt_memory.o(i.rt_free_mem)
    i.rt_get_first                           0x000010a8   Section        0  rt_list.o(i.rt_get_first)
    i.rt_id2obj                              0x000010d0   Section        0  rt_cmsis.o(i.rt_id2obj)
    rt_id2obj                                0x000010d1   Thumb Code     8  rt_cmsis.o(i.rt_id2obj)
    i.rt_init_context                        0x000010d8   Section        0  rt_task.o(i.rt_init_context)
    rt_init_context                          0x000010d9   Thumb Code    66  rt_task.o(i.rt_init_context)
    i.rt_init_mem                            0x00001120   Section        0  rt_memory.o(i.rt_init_mem)
    i.rt_init_robin                          0x0000113c   Section        0  rt_robin.o(i.rt_init_robin)
    i.rt_init_stack                          0x00001154   Section        0  hal_cm.o(i.rt_init_stack)
    i.rt_mbx_check                           0x000011d4   Section        0  rt_mailbox.o(i.rt_mbx_check)
    i.rt_mbx_init                            0x000011dc   Section        0  rt_mailbox.o(i.rt_mbx_init)
    i.rt_mbx_psh                             0x000011f8   Section        0  rt_mailbox.o(i.rt_mbx_psh)
    i.rt_mbx_wait                            0x000012e8   Section        0  rt_mailbox.o(i.rt_mbx_wait)
    i.rt_ms2tick                             0x0000139c   Section        0  rt_cmsis.o(i.rt_ms2tick)
    rt_ms2tick                               0x0000139d   Thumb Code    58  rt_cmsis.o(i.rt_ms2tick)
    i.rt_mut_init                            0x000013e0   Section        0  rt_mutex.o(i.rt_mut_init)
    i.rt_mut_release                         0x000013f0   Section        0  rt_mutex.o(i.rt_mut_release)
    i.rt_mut_wait                            0x000014c8   Section        0  rt_mutex.o(i.rt_mut_wait)
    i.rt_pop_req                             0x00001530   Section        0  rt_system.o(i.rt_pop_req)
    i.rt_psh_req                             0x000015ac   Section        0  rt_system.o(i.rt_psh_req)
    i.rt_psq_enq                             0x000015cc   Section        0  rt_list.o(i.rt_psq_enq)
    i.rt_put_dly                             0x00001628   Section        0  rt_list.o(i.rt_put_dly)
    i.rt_put_prio                            0x00001670   Section        0  rt_list.o(i.rt_put_prio)
    i.rt_put_rdy_first                       0x000016a8   Section        0  rt_list.o(i.rt_put_rdy_first)
    i.rt_resort_prio                         0x000016bc   Section        0  rt_list.o(i.rt_resort_prio)
    i.rt_ret_val                             0x000016f0   Section        0  hal_cm.o(i.rt_ret_val)
    i.rt_ret_val2                            0x000016f6   Section        0  hal_cm.o(i.rt_ret_val2)
    i.rt_rmv_dly                             0x000016fe   Section        0  rt_list.o(i.rt_rmv_dly)
    i.rt_rmv_list                            0x00001728   Section        0  rt_list.o(i.rt_rmv_list)
    i.rt_sem_psh                             0x00001758   Section        0  rt_semaphore.o(i.rt_sem_psh)
    i.rt_stk_check                           0x0000178c   Section        0  rt_system.o(i.rt_stk_check)
    i.rt_switch_req                          0x000017b0   Section        0  rt_task.o(i.rt_switch_req)
    i.rt_sys_init                            0x000017d8   Section        0  rt_task.o(i.rt_sys_init)
    i.rt_sys_start                           0x000018a4   Section        0  rt_task.o(i.rt_sys_start)
    i.rt_systick                             0x0000191c   Section        0  rt_system.o(i.rt_systick)
    i.rt_tid2ptcb                            0x0000195c   Section        0  rt_cmsis.o(i.rt_tid2ptcb)
    rt_tid2ptcb                              0x0000195d   Thumb Code    18  rt_cmsis.o(i.rt_tid2ptcb)
    i.rt_timer_insert                        0x00001970   Section        0  rt_cmsis.o(i.rt_timer_insert)
    rt_timer_insert                          0x00001971   Thumb Code    48  rt_cmsis.o(i.rt_timer_insert)
    i.rt_tsk_create                          0x000019a4   Section        0  rt_task.o(i.rt_tsk_create)
    i.rt_tsk_delete                          0x00001a2c   Section        0  rt_task.o(i.rt_tsk_delete)
    i.rt_tsk_prio                            0x00001ba8   Section        0  rt_task.o(i.rt_tsk_prio)
    i.rt_tsk_self                            0x00001c24   Section        0  rt_task.o(i.rt_tsk_self)
    i.svcDelay                               0x00001c34   Section        0  rt_cmsis.o(i.svcDelay)
    i.svcKernelInitialize                    0x00001c48   Section        0  rt_cmsis.o(i.svcKernelInitialize)
    i.svcKernelStart                         0x00001cb8   Section        0  rt_cmsis.o(i.svcKernelStart)
    i.svcMessageCreate                       0x00001d00   Section        0  rt_cmsis.o(i.svcMessageCreate)
    i.svcMessageGet                          0x00001d24   Section        0  rt_cmsis.o(i.svcMessageGet)
    i.svcThreadCreate                        0x00001d60   Section        0  rt_cmsis.o(i.svcThreadCreate)
    i.svcThreadGetId                         0x00001dd0   Section        0  rt_cmsis.o(i.svcThreadGetId)
    i.svcThreadTerminate                     0x00001dec   Section        0  rt_cmsis.o(i.svcThreadTerminate)
    i.svcTimerCall                           0x00001e24   Section        0  rt_cmsis.o(i.svcTimerCall)
    i.sysTimerTick                           0x00001e3c   Section        0  rt_cmsis.o(i.sysTimerTick)
    .constdata                               0x00001e98   Section       32  led.o(.constdata)
    .constdata                               0x00001eb8   Section       86  rtx_conf_cm.o(.constdata)
    __tagsym$$used                           0x00001ed4   Number         0  rtx_conf_cm.o(.constdata)
    __tagsym$$used                           0x00001ed8   Number         0  rtx_conf_cm.o(.constdata)
    __tagsym$$used                           0x00001edc   Number         0  rtx_conf_cm.o(.constdata)
    __tagsym$$used                           0x00001ee0   Number         0  rtx_conf_cm.o(.constdata)
    .data                                    0x10000000   Section        5  uart.o(.data)
    .data                                    0x10000008   Section       36  rtx_conf_cm.o(.data)
    nr_mutex                                 0x10000018   Data           4  rtx_conf_cm.o(.data)
    .data                                    0x1000002c   Section        4  system_lpc17xx.o(.data)
    .data                                    0x10000030   Section        8  rt_cmsis.o(.data)
    .data                                    0x10000038   Section        8  rt_task.o(.data)
    .data                                    0x10000040   Section        8  rt_system.o(.data)
    os_lock                                  0x10000040   Data           1  rt_system.o(.data)
    os_psh_flag                              0x10000041   Data           1  rt_system.o(.data)
    pend_flags                               0x10000042   Data           1  rt_system.o(.data)
    .data                                    0x10000048   Section        4  rt_time.o(.data)
    .data                                    0x1000004c   Section        8  rt_robin.o(.data)
    .data                                    0x10000054   Section        1  hal_cm.o(.data)
    .bss                                     0x10000058   Section       64  uart.o(.bss)
    .bss                                     0x10000098   Section     3016  rtx_conf_cm.o(.bss)
    std_libspace                             0x10000940   Data         672  rtx_conf_cm.o(.bss)
    std_libmutex                             0x10000be0   Data         128  rtx_conf_cm.o(.bss)
    .bss                                     0x10000c60   Section       52  rt_task.o(.bss)
    .bss                                     0x10000c94   Section       48  rt_list.o(.bss)
    .bss                                     0x10000cc4   Section       96  libspace.o(.bss)
    HEAP                                     0x10000d28   Section        0  startup_lpc17xx.o(HEAP)
    STACK                                    0x10000d28   Section      512  startup_lpc17xx.o(STACK)
    Heap_Mem                                 0x10000d28   Data           0  startup_lpc17xx.o(HEAP)
    Stack_Mem                                0x10000d28   Data         512  startup_lpc17xx.o(STACK)
    __initial_sp                             0x10000f28   Data           0  startup_lpc17xx.o(STACK)

    Global Symbols

    Symbol Name                              Value     Ov Type        Size  Object(Section)

    BuildAttributes$$THM_ISAv4$P$D$K$B$S$PE$A:L22UL41UL21$X:L11$S22US41US21$IEEE1$IW$USESV6$~STKCKD$USESV7$~SHL$OSPACE$ROPI$EBA8$UX$STANDARDLIB$REQ8$PRES8$EABIv2 0x00000000   Number         0  anon$$obj.o ABSOLUTE
    __ARM_use_no_argv                        0x00000000   Number         0  main.o ABSOLUTE
    __Vectors                                0x00000000   Data           4  startup_lpc17xx.o(RESET)
    __ARM_exceptions_init                     - Undefined Weak Reference
    __alloca_initialize                       - Undefined Weak Reference
    __arm_preinit_                            - Undefined Weak Reference
    __cpp_initialize__aeabi_                  - Undefined Weak Reference
    __cxa_finalize                            - Undefined Weak Reference
    __rt_locale                               - Undefined Weak Reference
    __sigvec_lookup                           - Undefined Weak Reference
    _atexit_init                              - Undefined Weak Reference
    _call_atexit_fns                          - Undefined Weak Reference
    _clock_init                               - Undefined Weak Reference
    _fp_trap_init                             - Undefined Weak Reference
    _fp_trap_shutdown                         - Undefined Weak Reference
    _get_lc_collate                           - Undefined Weak Reference
    _get_lc_ctype                             - Undefined Weak Reference
    _get_lc_monetary                          - Undefined Weak Reference
    _get_lc_numeric                           - Undefined Weak Reference
    _get_lc_time                              - Undefined Weak Reference
    _getenv_init                              - Undefined Weak Reference
    _handle_redirection                       - Undefined Weak Reference
    _init_alloc                               - Undefined Weak Reference
    _init_user_alloc                          - Undefined Weak Reference
    _initio                                   - Undefined Weak Reference
    _rand_init                                - Undefined Weak Reference
    _signal_finish                            - Undefined Weak Reference
    _signal_init                              - Undefined Weak Reference
    _terminate_alloc                          - Undefined Weak Reference
    _terminate_user_alloc                     - Undefined Weak Reference
    _terminateio                              - Undefined Weak Reference
    __main                                   0x000000cd   Thumb Code     8  __main.o(!!!main)
    __scatterload                            0x000000d5   Thumb Code     0  __scatter.o(!!!scatter)
    __scatterload_rt2                        0x000000d5   Thumb Code    44  __scatter.o(!!!scatter)
    __scatterload_rt2_thumb_only             0x000000d5   Thumb Code     0  __scatter.o(!!!scatter)
    __scatterload_null                       0x000000e3   Thumb Code     0  __scatter.o(!!!scatter)
    __scatterload_copy                       0x00000109   Thumb Code    26  __scatter_copy.o(!!handler_copy)
    __scatterload_zeroinit                   0x00000125   Thumb Code    28  __scatter_zi.o(!!handler_zi)
    __rt_lib_init                            0x00000141   Thumb Code     0  libinit.o(.ARM.Collect$$libinit$$00000000)
    __rt_lib_init_alloca_1                   0x00000143   Thumb Code     0  libinit2.o(.ARM.Collect$$libinit$$0000002E)
    __rt_lib_init_argv_1                     0x00000143   Thumb Code     0  libinit2.o(.ARM.Collect$$libinit$$0000002C)
    __rt_lib_init_atexit_1                   0x00000143   Thumb Code     0  libinit2.o(.ARM.Collect$$libinit$$0000001B)
    __rt_lib_init_clock_1                    0x00000143   Thumb Code     0  libinit2.o(.ARM.Collect$$libinit$$00000021)
    __rt_lib_init_cpp_1                      0x00000143   Thumb Code     0  libinit2.o(.ARM.Collect$$libinit$$00000032)
    __rt_lib_init_exceptions_1               0x00000143   Thumb Code     0  libinit2.o(.ARM.Collect$$libinit$$00000030)
    __rt_lib_init_fp_1                       0x00000143   Thumb Code     0  libinit2.o(.ARM.Collect$$libinit$$00000002)
    __rt_lib_init_fp_trap_1                  0x00000143   Thumb Code     0  libinit2.o(.ARM.Collect$$libinit$$0000001F)
    __rt_lib_init_getenv_1                   0x00000143   Thumb Code     0  libinit2.o(.ARM.Collect$$libinit$$00000023)
    __rt_lib_init_heap_1                     0x00000143   Thumb Code     0  libinit2.o(.ARM.Collect$$libinit$$0000000A)
    __rt_lib_init_lc_collate_1               0x00000143   Thumb Code     0  libinit2.o(.ARM.Collect$$libinit$$00000011)
    __rt_lib_init_lc_ctype_1                 0x00000143   Thumb Code     0  libinit2.o(.ARM.Collect$$libinit$$00000013)
    __rt_lib_init_lc_monetary_1              0x00000143   Thumb Code     0  libinit2.o(.ARM.Collect$$libinit$$00000015)
    __rt_lib_init_lc_numeric_1               0x00000143   Thumb Code     0  libinit2.o(.ARM.Collect$$libinit$$00000017)
    __rt_lib_init_lc_time_1                  0x00000143   Thumb Code     0  libinit2.o(.ARM.Collect$$libinit$$00000019)
    __rt_lib_init_preinit_1                  0x00000143   Thumb Code     0  libinit2.o(.ARM.Collect$$libinit$$00000004)
    __rt_lib_init_rand_1                     0x00000143   Thumb Code     0  libinit2.o(.ARM.Collect$$libinit$$0000000E)
    __rt_lib_init_return                     0x00000143   Thumb Code     0  libinit2.o(.ARM.Collect$$libinit$$00000033)
    __rt_lib_init_signal_1                   0x00000143   Thumb Code     0  libinit2.o(.ARM.Collect$$libinit$$0000001D)
    __rt_lib_init_stdio_1                    0x00000143   Thumb Code     0  libinit2.o(.ARM.Collect$$libinit$$00000025)
    __rt_lib_init_user_alloc_1               0x00000143   Thumb Code     0  libinit2.o(.ARM.Collect$$libinit$$0000000C)
    __rt_lib_shutdown                        0x00000145   Thumb Code     0  libshutdown.o(.ARM.Collect$$libshutdown$$00000000)
    __rt_lib_shutdown_cpp_1                  0x00000147   Thumb Code     0  libshutdown2.o(.ARM.Collect$$libshutdown$$00000002)
    __rt_lib_shutdown_fp_trap_1              0x00000147   Thumb Code     0  libshutdown2.o(.ARM.Collect$$libshutdown$$00000007)
    __rt_lib_shutdown_heap_1                 0x00000147   Thumb Code     0  libshutdown2.o(.ARM.Collect$$libshutdown$$0000000F)
    __rt_lib_shutdown_return                 0x00000147   Thumb Code     0  libshutdown2.o(.ARM.Collect$$libshutdown$$00000010)
    __rt_lib_shutdown_signal_1               0x00000147   Thumb Code     0  libshutdown2.o(.ARM.Collect$$libshutdown$$0000000A)
    __rt_lib_shutdown_stdio_1                0x00000147   Thumb Code     0  libshutdown2.o(.ARM.Collect$$libshutdown$$00000004)
    __rt_lib_shutdown_user_alloc_1           0x00000147   Thumb Code     0  libshutdown2.o(.ARM.Collect$$libshutdown$$0000000C)
    __rt_entry                               0x00000149   Thumb Code     0  __rtentry.o(.ARM.Collect$$rtentry$$00000000)
    __rt_entry_presh_1                       0x00000149   Thumb Code     0  __rtentry2.o(.ARM.Collect$$rtentry$$00000002)
    __rt_entry_sh                            0x00000149   Thumb Code     0  __rtentry4.o(.ARM.Collect$$rtentry$$00000004)
    __rt_entry_li                            0x0000014f   Thumb Code     0  __rtentry2.o(.ARM.Collect$$rtentry$$0000000A)
    __rt_entry_postsh_1                      0x0000014f   Thumb Code     0  __rtentry2.o(.ARM.Collect$$rtentry$$00000009)
    __rt_entry_postli_1                      0x00000153   Thumb Code     0  __rtentry2.o(.ARM.Collect$$rtentry$$0000000B)
    __rt_entry_main                          0x0000015b   Thumb Code     0  __rtentry2.o(.ARM.Collect$$rtentry$$0000000D)
    __rt_exit                                0x00000163   Thumb Code     0  rtexit.o(.ARM.Collect$$rtexit$$00000000)
    __rt_exit_ls                             0x00000165   Thumb Code     0  rtexit2.o(.ARM.Collect$$rtexit$$00000003)
    __rt_exit_prels_1                        0x00000165   Thumb Code     0  rtexit2.o(.ARM.Collect$$rtexit$$00000002)
    __rt_exit_exit                           0x00000169   Thumb Code     0  rtexit2.o(.ARM.Collect$$rtexit$$00000004)
    _platform_post_lib_init                  0x00000171   Thumb Code    24  rtx_conf_cm.o(.emb_text)
    rt_set_PSP                               0x0000018d   Thumb Code     6  hal_cm3.o(.emb_text)
    rt_get_PSP                               0x00000193   Thumb Code     6  hal_cm3.o(.emb_text)
    os_set_env                               0x00000199   Thumb Code    24  hal_cm3.o(.emb_text)
    _alloc_box                               0x000001b5   Thumb Code    28  hal_cm3.o(.emb_text)
    _free_box                                0x000001d5   Thumb Code    28  hal_cm3.o(.emb_text)
    SVC_Handler                              0x000001f5   Thumb Code   108  hal_cm3.o(.emb_text)
    PendSV_Handler                           0x0000026d   Thumb Code    56  hal_cm3.o(.emb_text)
    SysTick_Handler                          0x000002a9   Thumb Code     8  hal_cm3.o(.emb_text)
    OS_Tick_Handler                          0x000002b1   Thumb Code    12  hal_cm3.o(.emb_text)
    Reset_Handler                            0x000002bd   Thumb Code     8  startup_lpc17xx.o(.text)
    NMI_Handler                              0x000002c5   Thumb Code     2  startup_lpc17xx.o(.text)
    HardFault_Handler                        0x000002c7   Thumb Code     2  startup_lpc17xx.o(.text)
    MemManage_Handler                        0x000002c9   Thumb Code     2  startup_lpc17xx.o(.text)
    BusFault_Handler                         0x000002cb   Thumb Code     2  startup_lpc17xx.o(.text)
    UsageFault_Handler                       0x000002cd   Thumb Code     2  startup_lpc17xx.o(.text)
    DebugMon_Handler                         0x000002d1   Thumb Code     2  startup_lpc17xx.o(.text)
    ADC_IRQHandler                           0x000002d7   Thumb Code     0  startup_lpc17xx.o(.text)
    BOD_IRQHandler                           0x000002d7   Thumb Code     0  startup_lpc17xx.o(.text)
    CANActivity_IRQHandler                   0x000002d7   Thumb Code     0  startup_lpc17xx.o(.text)
    CAN_IRQHandler                           0x000002d7   Thumb Code     0  startup_lpc17xx.o(.text)
    DMA_IRQHandler                           0x000002d7   Thumb Code     0  startup_lpc17xx.o(.text)
    EINT0_IRQHandler                         0x000002d7   Thumb Code     0  startup_lpc17xx.o(.text)
    EINT1_IRQHandler                         0x000002d7   Thumb Code     0  startup_lpc17xx.o(.text)
    EINT2_IRQHandler                         0x000002d7   Thumb Code     0  startup_lpc17xx.o(.text)
    EINT3_IRQHandler                         0x000002d7   Thumb Code     0  startup_lpc17xx.o(.text)
    ENET_IRQHandler                          0x000002d7   Thumb Code     0  startup_lpc17xx.o(.text)
    I2C0_IRQHandler                          0x000002d7   Thumb Code     0  startup_lpc17xx.o(.text)
    I2C1_IRQHandler                          0x000002d7   Thumb Code     0  startup_lpc17xx.o(.text)
    I2C2_IRQHandler                          0x000002d7   Thumb Code     0  startup_lpc17xx.o(.text)
    I2S_IRQHandler                           0x000002d7   Thumb Code     0  startup_lpc17xx.o(.text)
    MCPWM_IRQHandler                         0x000002d7   Thumb Code     0  startup_lpc17xx.o(.text)
    PLL0_IRQHandler                          0x000002d7   Thumb Code     0  startup_lpc17xx.o(.text)
    PLL1_IRQHandler                          0x000002d7   Thumb Code     0  startup_lpc17xx.o(.text)
    PWM1_IRQHandler                          0x000002d7   Thumb Code     0  startup_lpc17xx.o(.text)
    QEI_IRQHandler                           0x000002d7   Thumb Code     0  startup_lpc17xx.o(.text)
    RIT_IRQHandler                           0x000002d7   Thumb Code     0  startup_lpc17xx.o(.text)
    RTC_IRQHandler                           0x000002d7   Thumb Code     0  startup_lpc17xx.o(.text)
    SPI_IRQHandler                           0x000002d7   Thumb Code     0  startup_lpc17xx.o(.text)
    SSP0_IRQHandler                          0x000002d7   Thumb Code     0  startup_lpc17xx.o(.text)
    SSP1_IRQHandler                          0x000002d7   Thumb Code     0  startup_lpc17xx.o(.text)
    TIMER0_IRQHandler                        0x000002d7   Thumb Code     0  startup_lpc17xx.o(.text)
    TIMER1_IRQHandler                        0x000002d7   Thumb Code     0  startup_lpc17xx.o(.text)
    TIMER2_IRQHandler                        0x000002d7   Thumb Code     0  startup_lpc17xx.o(.text)
    TIMER3_IRQHandler                        0x000002d7   Thumb Code     0  startup_lpc17xx.o(.text)
    UART1_IRQHandler                         0x000002d7   Thumb Code     0  startup_lpc17xx.o(.text)
    UART2_IRQHandler                         0x000002d7   Thumb Code     0  startup_lpc17xx.o(.text)
    UART3_IRQHandler                         0x000002d7   Thumb Code     0  startup_lpc17xx.o(.text)
    USBActivity_IRQHandler                   0x000002d7   Thumb Code     0  startup_lpc17xx.o(.text)
    USB_IRQHandler                           0x000002d7   Thumb Code     0  startup_lpc17xx.o(.text)
    WDT_IRQHandler                           0x000002d7   Thumb Code     0  startup_lpc17xx.o(.text)
    __user_initial_stackheap                 0x000002d9   Thumb Code     0  startup_lpc17xx.o(.text)
    __I$use$semihosting                      0x000002f9   Thumb Code     0  use_no_semi.o(.text)
    __use_no_semihosting_swi                 0x000002f9   Thumb Code     2  use_no_semi.o(.text)
    __semihosting_library_function           0x000002fb   Thumb Code     0  indicate_semi.o(.text)
    os_tick_irqack                           0x000002fb   Thumb Code     2  rt_system.o(i.os_tick_irqack)
    Joystick_Initialize                      0x00000301   Thumb Code    30  joystick.o(.text)
    Joystick_Get_Status                      0x0000031f   Thumb Code    68  joystick.o(.text)
    Led_Initialize                           0x0000036d   Thumb Code    40  led.o(.text)
    Led_On                                   0x00000395   Thumb Code    32  led.o(.text)
    Led_Off                                  0x000003b5   Thumb Code    32  led.o(.text)
    Leds_Set_Value                           0x000003d5   Thumb Code    96  led.o(.text)
    Send_Data_Base_On_Joystick               0x00000441   Thumb Code   102  main.o(.text)
    __RL_RTX_VER                             0x00000480   Number         0  rt_system.o ABSOLUTE
    Turn_Leds_On_Off_Base_On_Uart_Receiving_Value 0x000004a7   Thumb Code    78  main.o(.text)
    main                                     0x000004f5   Thumb Code    42  main.o(.text)
    UART_Initialize                          0x00000591   Thumb Code   130  uart.o(.text)
    UART0_IRQHandler                         0x00000613   Thumb Code    70  uart.o(.text)
    uart_TxChar                              0x00000659   Thumb Code    20  uart.o(.text)
    UART_Send                                0x0000066d   Thumb Code    32  uart.o(.text)
    os_idle_demon                            0x000006a9   Thumb Code     4  rtx_conf_cm.o(.text)
    os_error                                 0x000006ad   Thumb Code    26  rtx_conf_cm.o(.text)
    __user_perthread_libspace                0x000006c7   Thumb Code    32  rtx_conf_cm.o(.text)
    _mutex_initialize                        0x000006e7   Thumb Code    34  rtx_conf_cm.o(.text)
    _mutex_acquire                           0x00000709   Thumb Code    22  rtx_conf_cm.o(.text)
    _mutex_release                           0x0000071f   Thumb Code    18  rtx_conf_cm.o(.text)
    SystemCoreClockUpdate                    0x0000074d   Thumb Code   408  system_lpc17xx.o(.text)
    SystemInit                               0x000008e5   Thumb Code   314  system_lpc17xx.o(.text)
    __user_libspace                          0x00000a3d   Thumb Code     8  libspace.o(.text)
    __user_perproc_libspace                  0x00000a3d   Thumb Code     0  libspace.o(.text)
    __aeabi_uldivmod                         0x00000a45   Thumb Code     0  lludivv7m.o(.text)
    _ll_udiv                                 0x00000a45   Thumb Code   238  lludivv7m.o(.text)
    exit                                     0x00000b33   Thumb Code    18  exit.o(.text)
    __use_two_region_memory                  0x00000b45   Thumb Code     2  heapauxi.o(.text)
    __rt_heap_escrow$2region                 0x00000b47   Thumb Code     2  heapauxi.o(.text)
    __rt_heap_expand$2region                 0x00000b49   Thumb Code     2  heapauxi.o(.text)
    _sys_exit                                0x00000b4d   Thumb Code     8  sys_exit.o(.text)
    __user_setup_stackheap                   0x00000b59   Thumb Code    74  sys_stackheap_outer.o(.text)
    SVC_Count                                0x00000ba4   Data           4  svc_table.o(SVC_TABLE)
    SVC_Table                                0x00000ba8   Data           0  svc_table.o(SVC_TABLE)
    _init_box                                0x00000ba9   Thumb Code    70  rt_membox.o(i._init_box)
    dbg_init                                 0x00000bf1   Thumb Code    34  hal_cm.o(i.dbg_init)
    dbg_task_notify                          0x00000c21   Thumb Code    32  hal_cm.o(i.dbg_task_notify)
    dbg_task_switch                          0x00000c41   Thumb Code    16  hal_cm.o(i.dbg_task_switch)
    isrMessageGet                            0x00000c51   Thumb Code    42  rt_cmsis.o(i.isrMessageGet)
    isrMessagePut                            0x00000c7b   Thumb Code    44  rt_cmsis.o(i.isrMessagePut)
    isr_mbx_receive                          0x00000ca9   Thumb Code    82  rt_mailbox.o(i.isr_mbx_receive)
    isr_mbx_send                             0x00000cfb   Thumb Code    14  rt_mailbox.o(i.isr_mbx_send)
    osDelay                                  0x00000d09   Thumb Code    18  rt_cmsis.o(i.osDelay)
    osKernelInitialize                       0x00000d21   Thumb Code    30  rt_cmsis.o(i.osKernelInitialize)
    osKernelStart                            0x00000d45   Thumb Code    98  rt_cmsis.o(i.osKernelStart)
    osMessageGet                             0x00000db1   Thumb Code    18  rt_cmsis.o(i.osMessageGet)
    osThreadCreate                           0x00000dc9   Thumb Code    38  rt_cmsis.o(i.osThreadCreate)
    osThreadExit                             0x00000df9   Thumb Code    14  rt_cmsis.o(i.osThreadExit)
    osTimerCall                              0x00000e11   Thumb Code     8  rt_cmsis.o(i.osTimerCall)
    osTimerThread                            0x00000e1d   Thumb Code    38  rt_cmsis.o(i.osTimerThread)
    os_tick_init                             0x00000e49   Thumb Code    32  rt_system.o(i.os_tick_init)
    rt_alloc_box                             0x00000e71   Thumb Code    26  rt_membox.o(i.rt_alloc_box)
    rt_alloc_mem                             0x00000e8b   Thumb Code    62  rt_memory.o(i.rt_alloc_mem)
    rt_block                                 0x00000ec9   Thumb Code    48  rt_task.o(i.rt_block)
    rt_chk_robin                             0x00000f01   Thumb Code    60  rt_robin.o(i.rt_chk_robin)
    rt_dec_dly                               0x00000f49   Thumb Code   102  rt_list.o(i.rt_dec_dly)
    rt_dispatch                              0x00000fb9   Thumb Code    60  rt_task.o(i.rt_dispatch)
    rt_dly_wait                              0x00000ffd   Thumb Code     6  rt_time.o(i.rt_dly_wait)
    rt_evt_psh                               0x00001005   Thumb Code    76  rt_event.o(i.rt_evt_psh)
    rt_free_box                              0x00001055   Thumb Code    44  rt_membox.o(i.rt_free_box)
    rt_free_mem                              0x00001081   Thumb Code    40  rt_memory.o(i.rt_free_mem)
    rt_get_first                             0x000010a9   Thumb Code    40  rt_list.o(i.rt_get_first)
    rt_init_mem                              0x00001121   Thumb Code    26  rt_memory.o(i.rt_init_mem)
    rt_init_robin                            0x0000113d   Thumb Code    14  rt_robin.o(i.rt_init_robin)
    rt_init_stack                            0x00001155   Thumb Code   118  hal_cm.o(i.rt_init_stack)
    rt_mbx_check                             0x000011d5   Thumb Code     8  rt_mailbox.o(i.rt_mbx_check)
    rt_mbx_init                              0x000011dd   Thumb Code    26  rt_mailbox.o(i.rt_mbx_init)
    rt_mbx_psh                               0x000011f9   Thumb Code   236  rt_mailbox.o(i.rt_mbx_psh)
    rt_mbx_wait                              0x000012e9   Thumb Code   174  rt_mailbox.o(i.rt_mbx_wait)
    rt_mut_init                              0x000013e1   Thumb Code    16  rt_mutex.o(i.rt_mut_init)
    rt_mut_release                           0x000013f1   Thumb Code   208  rt_mutex.o(i.rt_mut_release)
    rt_mut_wait                              0x000014c9   Thumb Code   100  rt_mutex.o(i.rt_mut_wait)
    rt_pop_req                               0x00001531   Thumb Code   112  rt_system.o(i.rt_pop_req)
    rt_psh_req                               0x000015ad   Thumb Code    22  rt_system.o(i.rt_psh_req)
    rt_psq_enq                               0x000015cd   Thumb Code    88  rt_list.o(i.rt_psq_enq)
    rt_put_dly                               0x00001629   Thumb Code    68  rt_list.o(i.rt_put_dly)
    rt_put_prio                              0x00001671   Thumb Code    54  rt_list.o(i.rt_put_prio)
    rt_put_rdy_first                         0x000016a9   Thumb Code    14  rt_list.o(i.rt_put_rdy_first)
    rt_resort_prio                           0x000016bd   Thumb Code    46  rt_list.o(i.rt_resort_prio)
    rt_ret_val                               0x000016f1   Thumb Code     6  hal_cm.o(i.rt_ret_val)
    rt_ret_val2                              0x000016f7   Thumb Code     8  hal_cm.o(i.rt_ret_val2)
    rt_rmv_dly                               0x000016ff   Thumb Code    40  rt_list.o(i.rt_rmv_dly)
    rt_rmv_list                              0x00001729   Thumb Code    44  rt_list.o(i.rt_rmv_list)
    rt_sem_psh                               0x00001759   Thumb Code    48  rt_semaphore.o(i.rt_sem_psh)
    rt_stk_check                             0x0000178d   Thumb Code    28  rt_system.o(i.rt_stk_check)
    rt_switch_req                            0x000017b1   Thumb Code    30  rt_task.o(i.rt_switch_req)
    rt_sys_init                              0x000017d9   Thumb Code   138  rt_task.o(i.rt_sys_init)
    rt_sys_start                             0x000018a5   Thumb Code   110  rt_task.o(i.rt_sys_start)
    rt_systick                               0x0000191d   Thumb Code    50  rt_system.o(i.rt_systick)
    rt_tsk_create                            0x000019a5   Thumb Code   118  rt_task.o(i.rt_tsk_create)
    rt_tsk_delete                            0x00001a2d   Thumb Code   352  rt_task.o(i.rt_tsk_delete)
    rt_tsk_prio                              0x00001ba9   Thumb Code   108  rt_task.o(i.rt_tsk_prio)
    rt_tsk_self                              0x00001c25   Thumb Code    12  rt_task.o(i.rt_tsk_self)
    svcDelay                                 0x00001c35   Thumb Code    18  rt_cmsis.o(i.svcDelay)
    svcKernelInitialize                      0x00001c49   Thumb Code    80  rt_cmsis.o(i.svcKernelInitialize)
    svcKernelStart                           0x00001cb9   Thumb Code    62  rt_cmsis.o(i.svcKernelStart)
    svcMessageCreate                         0x00001d01   Thumb Code    36  rt_cmsis.o(i.svcMessageCreate)
    svcMessageGet                            0x00001d25   Thumb Code    58  rt_cmsis.o(i.svcMessageGet)
    svcThreadCreate                          0x00001d61   Thumb Code   100  rt_cmsis.o(i.svcThreadCreate)
    svcThreadGetId                           0x00001dd1   Thumb Code    22  rt_cmsis.o(i.svcThreadGetId)
    svcThreadTerminate                       0x00001ded   Thumb Code    50  rt_cmsis.o(i.svcThreadTerminate)
    svcTimerCall                             0x00001e25   Thumb Code    24  rt_cmsis.o(i.svcTimerCall)
    sysTimerTick                             0x00001e3d   Thumb Code    84  rt_cmsis.o(i.sysTimerTick)
    led_Index                                0x00001e98   Data          32  led.o(.constdata)
    os_maxtaskrun                            0x00001eb8   Data           2  rtx_conf_cm.o(.constdata)
    os_stackinfo                             0x00001ebc   Data           4  rtx_conf_cm.o(.constdata)
    os_rrobin                                0x00001ec0   Data           4  rtx_conf_cm.o(.constdata)
    os_tickfreq                              0x00001ec4   Data           4  rtx_conf_cm.o(.constdata)
    os_tickus_i                              0x00001ec8   Data           2  rtx_conf_cm.o(.constdata)
    os_tickus_f                              0x00001eca   Data           2  rtx_conf_cm.o(.constdata)
    os_trv                                   0x00001ecc   Data           4  rtx_conf_cm.o(.constdata)
    os_flags                                 0x00001ed0   Data           1  rtx_conf_cm.o(.constdata)
    CMSIS_RTOS_API_Version                   0x00001ed4   Data           4  rtx_conf_cm.o(.constdata)
    CMSIS_RTOS_RTX_Version                   0x00001ed8   Data           4  rtx_conf_cm.o(.constdata)
    os_clockrate                             0x00001edc   Data           4  rtx_conf_cm.o(.constdata)
    os_timernum                              0x00001ee0   Data           4  rtx_conf_cm.o(.constdata)
    mp_tcb_size                              0x00001ee4   Data           2  rtx_conf_cm.o(.constdata)
    mp_stk_size                              0x00001ee8   Data           4  rtx_conf_cm.o(.constdata)
    os_stack_sz                              0x00001eec   Data           4  rtx_conf_cm.o(.constdata)
    os_fifo_size                             0x00001ef0   Data           1  rtx_conf_cm.o(.constdata)
    os_thread_def_osTimerThread              0x00001ef4   Data          16  rtx_conf_cm.o(.constdata)
    os_messageQ_def_osTimerMessageQ          0x00001f04   Data           8  rtx_conf_cm.o(.constdata)
    mp_tmr_size                              0x00001f0c   Data           2  rtx_conf_cm.o(.constdata)
    Region$$Table$$Base                      0x00001f10   Number         0  anon$$obj.o(Region$$Table)
    Region$$Table$$Limit                     0x00001f30   Number         0  anon$$obj.o(Region$$Table)
    UART_Buffer_Count                        0x10000000   Data           4  uart.o(.data)
    UART_TX_Is_Empty                         0x10000004   Data           1  uart.o(.data)
    osThreadId_osTimerThread                 0x10000008   Data           4  rtx_conf_cm.o(.data)
    osMessageQId_osTimerMessageQ             0x1000000c   Data           4  rtx_conf_cm.o(.data)
    os_tmr                                   0x10000010   Data           4  rtx_conf_cm.o(.data)
    m_tmr                                    0x10000014   Data           4  rtx_conf_cm.o(.data)
    os_thread_def_main                       0x1000001c   Data          16  rtx_conf_cm.o(.data)
    SystemCoreClock                          0x1000002c   Data           4  system_lpc17xx.o(.data)
    os_initialized                           0x10000030   Data           1  rt_cmsis.o(.data)
    os_running                               0x10000031   Data           1  rt_cmsis.o(.data)
    os_timer_head                            0x10000034   Data           4  rt_cmsis.o(.data)
    os_tsk                                   0x10000038   Data           8  rt_task.o(.data)
    os_tick_irqn                             0x10000044   Data           4  rt_system.o(.data)
    os_time                                  0x10000048   Data           4  rt_time.o(.data)
    os_robin                                 0x1000004c   Data           8  rt_robin.o(.data)
    dbg_msg                                  0x10000054   Data           1  hal_cm.o(.data)
    UART_Buffer                              0x10000058   Data          64  uart.o(.bss)
    mp_tcb                                   0x10000098   Data         376  rtx_conf_cm.o(.bss)
    mp_stk                                   0x10000210   Data        1216  rtx_conf_cm.o(.bss)
    os_stack_mem                             0x100006d0   Data         432  rtx_conf_cm.o(.bss)
    os_fifo                                  0x10000880   Data         132  rtx_conf_cm.o(.bss)
    os_active_TCB                            0x10000904   Data          28  rtx_conf_cm.o(.bss)
    os_messageQ_q_osTimerMessageQ            0x10000920   Data          32  rtx_conf_cm.o(.bss)
    os_idle_TCB                              0x10000c60   Data          52  rt_task.o(.bss)
    os_rdy                                   0x10000c94   Data          24  rt_list.o(.bss)
    os_dly                                   0x10000cac   Data          24  rt_list.o(.bss)
    __libspace_start                         0x10000cc4   Data          96  libspace.o(.bss)
    __temporary_stack_top$libspace           0x10000d24   Data           0  libspace.o(.bss)



==============================================================================

Memory Map of the image

  Image Entry point : 0x000000cd

  Load Region LR_IROM1 (Base: 0x00000000, Size: 0x00001f88, Max: 0x00080000, ABSOLUTE)

    Execution Region ER_IROM1 (Exec base: 0x00000000, Load base: 0x00000000, Size: 0x00001f30, Max: 0x00080000, ABSOLUTE)

    Exec Addr    Load Addr    Size         Type   Attr      Idx    E Section Name        Object

    0x00000000   0x00000000   0x000000cc   Data   RO          180    RESET               startup_lpc17xx.o
    0x000000cc   0x000000cc   0x00000008   Code   RO         1440  * !!!main             c_w.l(__main.o)
    0x000000d4   0x000000d4   0x00000034   Code   RO         1601    !!!scatter          c_w.l(__scatter.o)
    0x00000108   0x00000108   0x0000001a   Code   RO         1603    !!handler_copy      c_w.l(__scatter_copy.o)
    0x00000122   0x00000122   0x00000002   PAD
    0x00000124   0x00000124   0x0000001c   Code   RO         1605    !!handler_zi        c_w.l(__scatter_zi.o)
    0x00000140   0x00000140   0x00000002   Code   RO         1487    .ARM.Collect$$libinit$$00000000  c_w.l(libinit.o)
    0x00000142   0x00000142   0x00000000   Code   RO         1499    .ARM.Collect$$libinit$$00000002  c_w.l(libinit2.o)
    0x00000142   0x00000142   0x00000000   Code   RO         1501    .ARM.Collect$$libinit$$00000004  c_w.l(libinit2.o)
    0x00000142   0x00000142   0x00000000   Code   RO         1504    .ARM.Collect$$libinit$$0000000A  c_w.l(libinit2.o)
    0x00000142   0x00000142   0x00000000   Code   RO         1506    .ARM.Collect$$libinit$$0000000C  c_w.l(libinit2.o)
    0x00000142   0x00000142   0x00000000   Code   RO         1508    .ARM.Collect$$libinit$$0000000E  c_w.l(libinit2.o)
    0x00000142   0x00000142   0x00000000   Code   RO         1511    .ARM.Collect$$libinit$$00000011  c_w.l(libinit2.o)
    0x00000142   0x00000142   0x00000000   Code   RO         1513    .ARM.Collect$$libinit$$00000013  c_w.l(libinit2.o)
    0x00000142   0x00000142   0x00000000   Code   RO         1515    .ARM.Collect$$libinit$$00000015  c_w.l(libinit2.o)
    0x00000142   0x00000142   0x00000000   Code   RO         1517    .ARM.Collect$$libinit$$00000017  c_w.l(libinit2.o)
    0x00000142   0x00000142   0x00000000   Code   RO         1519    .ARM.Collect$$libinit$$00000019  c_w.l(libinit2.o)
    0x00000142   0x00000142   0x00000000   Code   RO         1521    .ARM.Collect$$libinit$$0000001B  c_w.l(libinit2.o)
    0x00000142   0x00000142   0x00000000   Code   RO         1523    .ARM.Collect$$libinit$$0000001D  c_w.l(libinit2.o)
    0x00000142   0x00000142   0x00000000   Code   RO         1525    .ARM.Collect$$libinit$$0000001F  c_w.l(libinit2.o)
    0x00000142   0x00000142   0x00000000   Code   RO         1527    .ARM.Collect$$libinit$$00000021  c_w.l(libinit2.o)
    0x00000142   0x00000142   0x00000000   Code   RO         1529    .ARM.Collect$$libinit$$00000023  c_w.l(libinit2.o)
    0x00000142   0x00000142   0x00000000   Code   RO         1531    .ARM.Collect$$libinit$$00000025  c_w.l(libinit2.o)
    0x00000142   0x00000142   0x00000000   Code   RO         1535    .ARM.Collect$$libinit$$0000002C  c_w.l(libinit2.o)
    0x00000142   0x00000142   0x00000000   Code   RO         1537    .ARM.Collect$$libinit$$0000002E  c_w.l(libinit2.o)
    0x00000142   0x00000142   0x00000000   Code   RO         1539    .ARM.Collect$$libinit$$00000030  c_w.l(libinit2.o)
    0x00000142   0x00000142   0x00000000   Code   RO         1541    .ARM.Collect$$libinit$$00000032  c_w.l(libinit2.o)
    0x00000142   0x00000142   0x00000002   Code   RO         1542    .ARM.Collect$$libinit$$00000033  c_w.l(libinit2.o)
    0x00000144   0x00000144   0x00000002   Code   RO         1488    .ARM.Collect$$libshutdown$$00000000  c_w.l(libshutdown.o)
    0x00000146   0x00000146   0x00000000   Code   RO         1544    .ARM.Collect$$libshutdown$$00000002  c_w.l(libshutdown2.o)
    0x00000146   0x00000146   0x00000000   Code   RO         1546    .ARM.Collect$$libshutdown$$00000004  c_w.l(libshutdown2.o)
    0x00000146   0x00000146   0x00000000   Code   RO         1549    .ARM.Collect$$libshutdown$$00000007  c_w.l(libshutdown2.o)
    0x00000146   0x00000146   0x00000000   Code   RO         1552    .ARM.Collect$$libshutdown$$0000000A  c_w.l(libshutdown2.o)
    0x00000146   0x00000146   0x00000000   Code   RO         1554    .ARM.Collect$$libshutdown$$0000000C  c_w.l(libshutdown2.o)
    0x00000146   0x00000146   0x00000000   Code   RO         1557    .ARM.Collect$$libshutdown$$0000000F  c_w.l(libshutdown2.o)
    0x00000146   0x00000146   0x00000002   Code   RO         1558    .ARM.Collect$$libshutdown$$00000010  c_w.l(libshutdown2.o)
    0x00000148   0x00000148   0x00000000   Code   RO         1442    .ARM.Collect$$rtentry$$00000000  c_w.l(__rtentry.o)
    0x00000148   0x00000148   0x00000000   Code   RO         1450    .ARM.Collect$$rtentry$$00000002  c_w.l(__rtentry2.o)
    0x00000148   0x00000148   0x00000006   Code   RO         1462    .ARM.Collect$$rtentry$$00000004  c_w.l(__rtentry4.o)
    0x0000014e   0x0000014e   0x00000000   Code   RO         1452    .ARM.Collect$$rtentry$$00000009  c_w.l(__rtentry2.o)
    0x0000014e   0x0000014e   0x00000004   Code   RO         1453    .ARM.Collect$$rtentry$$0000000A  c_w.l(__rtentry2.o)
    0x00000152   0x00000152   0x00000008   Code   RO         1454    .ARM.Collect$$rtentry$$0000000B  c_w.l(__rtentry2.o)
    0x0000015a   0x0000015a   0x00000008   Code   RO         1456    .ARM.Collect$$rtentry$$0000000D  c_w.l(__rtentry2.o)
    0x00000162   0x00000162   0x00000002   Code   RO         1443    .ARM.Collect$$rtexit$$00000000  c_w.l(rtexit.o)
    0x00000164   0x00000164   0x00000000   Code   RO         1465    .ARM.Collect$$rtexit$$00000002  c_w.l(rtexit2.o)
    0x00000164   0x00000164   0x00000004   Code   RO         1466    .ARM.Collect$$rtexit$$00000003  c_w.l(rtexit2.o)
    0x00000168   0x00000168   0x00000006   Code   RO         1467    .ARM.Collect$$rtexit$$00000004  c_w.l(rtexit2.o)
    0x0000016e   0x0000016e   0x00000002   PAD
    0x00000170   0x00000170   0x0000001c   Code   RO          150    .emb_text           rtx_conf_cm.o
    0x0000018c   0x0000018c   0x00000130   Code   RO         1416    .emb_text           RTX_CM3.lib(hal_cm3.o)
    0x000002bc   0x000002bc   0x0000003c   Code   RO          182    .text               startup_lpc17xx.o
    0x000002f8   0x000002f8   0x00000002   Code   RO         1489    .text               c_w.l(use_no_semi.o)
    0x000002fa   0x000002fa   0x00000000   Code   RO         1491    .text               c_w.l(indicate_semi.o)
    0x000002fa   0x000002fa   0x00000002   Code   RO          963    i.os_tick_irqack    RTX_CM3.lib(rt_system.o)
    0x000002fc   0x000002fc   0x00000004   Code   RO          181    .ARM.__at_0x02FC    startup_lpc17xx.o
    0x00000300   0x00000300   0x0000006c   Code   RO            4    .text               joystick.o
    0x0000036c   0x0000036c   0x000000d4   Code   RO           56    .text               led.o
    0x00000440   0x00000440   0x00000150   Code   RO           83    .text               main.o
    0x00000590   0x00000590   0x00000118   Code   RO          118    .text               uart.o
    0x000006a8   0x000006a8   0x000000a4   Code   RO          151    .text               rtx_conf_cm.o
    0x0000074c   0x0000074c   0x000002f0   Code   RO          191    .text               system_lpc17xx.o
    0x00000a3c   0x00000a3c   0x00000008   Code   RO         1431    .text               c_w.l(libspace.o)
    0x00000a44   0x00000a44   0x000000ee   Code   RO         1434    .text               c_w.l(lludivv7m.o)
    0x00000b32   0x00000b32   0x00000012   Code   RO         1436    .text               c_w.l(exit.o)
    0x00000b44   0x00000b44   0x00000006   Code   RO         1438    .text               c_w.l(heapauxi.o)
    0x00000b4a   0x00000b4a   0x00000002   PAD
    0x00000b4c   0x00000b4c   0x0000000c   Code   RO         1473    .text               c_w.l(sys_exit.o)
    0x00000b58   0x00000b58   0x0000004a   Code   RO         1475    .text               c_w.l(sys_stackheap_outer.o)
    0x00000ba2   0x00000ba2   0x00000002   PAD
    0x00000ba4   0x00000ba4   0x00000004   Code   RO         1426    SVC_TABLE           RTX_CM3.lib(svc_table.o)
    0x00000ba8   0x00000ba8   0x00000046   Code   RO         1315    i._init_box         RTX_CM3.lib(rt_membox.o)
    0x00000bee   0x00000bee   0x00000002   PAD
    0x00000bf0   0x00000bf0   0x00000030   Code   RO         1368    i.dbg_init          RTX_CM3.lib(hal_cm.o)
    0x00000c20   0x00000c20   0x00000020   Code   RO         1369    i.dbg_task_notify   RTX_CM3.lib(hal_cm.o)
    0x00000c40   0x00000c40   0x00000010   Code   RO         1370    i.dbg_task_switch   RTX_CM3.lib(hal_cm.o)
    0x00000c50   0x00000c50   0x0000002a   Code   RO          221    i.isrMessageGet     RTX_CM3.lib(rt_cmsis.o)
    0x00000c7a   0x00000c7a   0x0000002c   Code   RO          222    i.isrMessagePut     RTX_CM3.lib(rt_cmsis.o)
    0x00000ca6   0x00000ca6   0x00000002   PAD
    0x00000ca8   0x00000ca8   0x00000052   Code   RO         1170    i.isr_mbx_receive   RTX_CM3.lib(rt_mailbox.o)
    0x00000cfa   0x00000cfa   0x0000000e   Code   RO         1171    i.isr_mbx_send      RTX_CM3.lib(rt_mailbox.o)
    0x00000d08   0x00000d08   0x00000018   Code   RO          225    i.osDelay           RTX_CM3.lib(rt_cmsis.o)
    0x00000d20   0x00000d20   0x00000024   Code   RO          226    i.osKernelInitialize  RTX_CM3.lib(rt_cmsis.o)
    0x00000d44   0x00000d44   0x0000006c   Code   RO          228    i.osKernelStart     RTX_CM3.lib(rt_cmsis.o)
    0x00000db0   0x00000db0   0x00000018   Code   RO          237    i.osMessageGet      RTX_CM3.lib(rt_cmsis.o)
    0x00000dc8   0x00000dc8   0x00000030   Code   RO          254    i.osThreadCreate    RTX_CM3.lib(rt_cmsis.o)
    0x00000df8   0x00000df8   0x00000018   Code   RO          255    i.osThreadExit      RTX_CM3.lib(rt_cmsis.o)
    0x00000e10   0x00000e10   0x0000000c   Code   RO          261    i.osTimerCall       RTX_CM3.lib(rt_cmsis.o)
    0x00000e1c   0x00000e1c   0x0000002c   Code   RO          266    i.osTimerThread     RTX_CM3.lib(rt_cmsis.o)
    0x00000e48   0x00000e48   0x00000028   Code   RO          962    i.os_tick_init      RTX_CM3.lib(rt_system.o)
    0x00000e70   0x00000e70   0x0000001a   Code   RO         1316    i.rt_alloc_box      RTX_CM3.lib(rt_membox.o)
    0x00000e8a   0x00000e8a   0x0000003e   Code   RO         1344    i.rt_alloc_mem      RTX_CM3.lib(rt_memory.o)
    0x00000ec8   0x00000ec8   0x00000038   Code   RO          843    i.rt_block          RTX_CM3.lib(rt_task.o)
    0x00000f00   0x00000f00   0x00000048   Code   RO         1293    i.rt_chk_robin      RTX_CM3.lib(rt_robin.o)
    0x00000f48   0x00000f48   0x00000070   Code   RO         1094    i.rt_dec_dly        RTX_CM3.lib(rt_list.o)
    0x00000fb8   0x00000fb8   0x00000044   Code   RO          844    i.rt_dispatch       RTX_CM3.lib(rt_task.o)
    0x00000ffc   0x00000ffc   0x00000006   Code   RO         1260    i.rt_dly_wait       RTX_CM3.lib(rt_time.o)
    0x00001002   0x00001002   0x00000002   PAD
    0x00001004   0x00001004   0x00000050   Code   RO         1055    i.rt_evt_psh        RTX_CM3.lib(rt_event.o)
    0x00001054   0x00001054   0x0000002c   Code   RO         1317    i.rt_free_box       RTX_CM3.lib(rt_membox.o)
    0x00001080   0x00001080   0x00000028   Code   RO         1345    i.rt_free_mem       RTX_CM3.lib(rt_memory.o)
    0x000010a8   0x000010a8   0x00000028   Code   RO         1095    i.rt_get_first      RTX_CM3.lib(rt_list.o)
    0x000010d0   0x000010d0   0x00000008   Code   RO          271    i.rt_id2obj         RTX_CM3.lib(rt_cmsis.o)
    0x000010d8   0x000010d8   0x00000048   Code   RO          845    i.rt_init_context   RTX_CM3.lib(rt_task.o)
    0x00001120   0x00001120   0x0000001a   Code   RO         1346    i.rt_init_mem       RTX_CM3.lib(rt_memory.o)
    0x0000113a   0x0000113a   0x00000002   PAD
    0x0000113c   0x0000113c   0x00000018   Code   RO         1294    i.rt_init_robin     RTX_CM3.lib(rt_robin.o)
    0x00001154   0x00001154   0x00000080   Code   RO         1371    i.rt_init_stack     RTX_CM3.lib(hal_cm.o)
    0x000011d4   0x000011d4   0x00000008   Code   RO         1172    i.rt_mbx_check      RTX_CM3.lib(rt_mailbox.o)
    0x000011dc   0x000011dc   0x0000001a   Code   RO         1173    i.rt_mbx_init       RTX_CM3.lib(rt_mailbox.o)
    0x000011f6   0x000011f6   0x00000002   PAD
    0x000011f8   0x000011f8   0x000000f0   Code   RO         1174    i.rt_mbx_psh        RTX_CM3.lib(rt_mailbox.o)
    0x000012e8   0x000012e8   0x000000b4   Code   RO         1176    i.rt_mbx_wait       RTX_CM3.lib(rt_mailbox.o)
    0x0000139c   0x0000139c   0x00000044   Code   RO          272    i.rt_ms2tick        RTX_CM3.lib(rt_cmsis.o)
    0x000013e0   0x000013e0   0x00000010   Code   RO          928    i.rt_mut_init       RTX_CM3.lib(rt_mutex.o)
    0x000013f0   0x000013f0   0x000000d8   Code   RO          929    i.rt_mut_release    RTX_CM3.lib(rt_mutex.o)
    0x000014c8   0x000014c8   0x00000068   Code   RO          930    i.rt_mut_wait       RTX_CM3.lib(rt_mutex.o)
    0x00001530   0x00001530   0x0000007c   Code   RO          966    i.rt_pop_req        RTX_CM3.lib(rt_system.o)
    0x000015ac   0x000015ac   0x00000020   Code   RO          967    i.rt_psh_req        RTX_CM3.lib(rt_system.o)
    0x000015cc   0x000015cc   0x0000005c   Code   RO         1097    i.rt_psq_enq        RTX_CM3.lib(rt_list.o)
    0x00001628   0x00001628   0x00000048   Code   RO         1098    i.rt_put_dly        RTX_CM3.lib(rt_list.o)
    0x00001670   0x00001670   0x00000036   Code   RO         1099    i.rt_put_prio       RTX_CM3.lib(rt_list.o)
    0x000016a6   0x000016a6   0x00000002   PAD
    0x000016a8   0x000016a8   0x00000014   Code   RO         1100    i.rt_put_rdy_first  RTX_CM3.lib(rt_list.o)
    0x000016bc   0x000016bc   0x00000034   Code   RO         1101    i.rt_resort_prio    RTX_CM3.lib(rt_list.o)
    0x000016f0   0x000016f0   0x00000006   Code   RO         1372    i.rt_ret_val        RTX_CM3.lib(hal_cm.o)
    0x000016f6   0x000016f6   0x00000008   Code   RO         1373    i.rt_ret_val2       RTX_CM3.lib(hal_cm.o)
    0x000016fe   0x000016fe   0x00000028   Code   RO         1102    i.rt_rmv_dly        RTX_CM3.lib(rt_list.o)
    0x00001726   0x00001726   0x00000002   PAD
    0x00001728   0x00001728   0x00000030   Code   RO         1103    i.rt_rmv_list       RTX_CM3.lib(rt_list.o)
    0x00001758   0x00001758   0x00000034   Code   RO         1221    i.rt_sem_psh        RTX_CM3.lib(rt_semaphore.o)
    0x0000178c   0x0000178c   0x00000024   Code   RO          969    i.rt_stk_check      RTX_CM3.lib(rt_system.o)
    0x000017b0   0x000017b0   0x00000028   Code   RO          846    i.rt_switch_req     RTX_CM3.lib(rt_task.o)
    0x000017d8   0x000017d8   0x000000cc   Code   RO          847    i.rt_sys_init       RTX_CM3.lib(rt_task.o)
    0x000018a4   0x000018a4   0x00000078   Code   RO          848    i.rt_sys_start      RTX_CM3.lib(rt_task.o)
    0x0000191c   0x0000191c   0x00000040   Code   RO          971    i.rt_systick        RTX_CM3.lib(rt_system.o)
    0x0000195c   0x0000195c   0x00000012   Code   RO          273    i.rt_tid2ptcb       RTX_CM3.lib(rt_cmsis.o)
    0x0000196e   0x0000196e   0x00000002   PAD
    0x00001970   0x00001970   0x00000034   Code   RO          274    i.rt_timer_insert   RTX_CM3.lib(rt_cmsis.o)
    0x000019a4   0x000019a4   0x00000088   Code   RO          849    i.rt_tsk_create     RTX_CM3.lib(rt_task.o)
    0x00001a2c   0x00001a2c   0x0000017c   Code   RO          850    i.rt_tsk_delete     RTX_CM3.lib(rt_task.o)
    0x00001ba8   0x00001ba8   0x0000007c   Code   RO          852    i.rt_tsk_prio       RTX_CM3.lib(rt_task.o)
    0x00001c24   0x00001c24   0x00000010   Code   RO          853    i.rt_tsk_self       RTX_CM3.lib(rt_task.o)
    0x00001c34   0x00001c34   0x00000012   Code   RO          276    i.svcDelay          RTX_CM3.lib(rt_cmsis.o)
    0x00001c46   0x00001c46   0x00000002   PAD
    0x00001c48   0x00001c48   0x00000070   Code   RO          277    i.svcKernelInitialize  RTX_CM3.lib(rt_cmsis.o)
    0x00001cb8   0x00001cb8   0x00000048   Code   RO          279    i.svcKernelStart    RTX_CM3.lib(rt_cmsis.o)
    0x00001d00   0x00001d00   0x00000024   Code   RO          282    i.svcMessageCreate  RTX_CM3.lib(rt_cmsis.o)
    0x00001d24   0x00001d24   0x0000003a   Code   RO          283    i.svcMessageGet     RTX_CM3.lib(rt_cmsis.o)
    0x00001d5e   0x00001d5e   0x00000002   PAD
    0x00001d60   0x00001d60   0x00000070   Code   RO          297    i.svcThreadCreate   RTX_CM3.lib(rt_cmsis.o)
    0x00001dd0   0x00001dd0   0x0000001c   Code   RO          298    i.svcThreadGetId    RTX_CM3.lib(rt_cmsis.o)
    0x00001dec   0x00001dec   0x00000038   Code   RO          301    i.svcThreadTerminate  RTX_CM3.lib(rt_cmsis.o)
    0x00001e24   0x00001e24   0x00000018   Code   RO          303    i.svcTimerCall      RTX_CM3.lib(rt_cmsis.o)
    0x00001e3c   0x00001e3c   0x0000005c   Code   RO          312    i.sysTimerTick      RTX_CM3.lib(rt_cmsis.o)
    0x00001e98   0x00001e98   0x00000020   Data   RO           57    .constdata          led.o
    0x00001eb8   0x00001eb8   0x00000056   Data   RO          153    .constdata          rtx_conf_cm.o
    0x00001f0e   0x00001f0e   0x00000002   PAD
    0x00001f10   0x00001f10   0x00000020   Data   RO         1599    Region$$Table       anon$$obj.o


    Execution Region RW_IRAM1 (Exec base: 0x10000000, Load base: 0x00001f30, Size: 0x00000f28, Max: 0x00008000, ABSOLUTE)

    Exec Addr    Load Addr    Size         Type   Attr      Idx    E Section Name        Object

    0x10000000   0x00001f30   0x00000005   Data   RW          120    .data               uart.o
    0x10000005   0x00001f35   0x00000003   PAD
    0x10000008   0x00001f38   0x00000024   Data   RW          154    .data               rtx_conf_cm.o
    0x1000002c   0x00001f5c   0x00000004   Data   RW          192    .data               system_lpc17xx.o
    0x10000030   0x00001f60   0x00000008   Data   RW          315    .data               RTX_CM3.lib(rt_cmsis.o)
    0x10000038   0x00001f68   0x00000008   Data   RW          855    .data               RTX_CM3.lib(rt_task.o)
    0x10000040   0x00001f70   0x00000008   Data   RW          974    .data               RTX_CM3.lib(rt_system.o)
    0x10000048   0x00001f78   0x00000004   Data   RW         1264    .data               RTX_CM3.lib(rt_time.o)
    0x1000004c   0x00001f7c   0x00000008   Data   RW         1295    .data               RTX_CM3.lib(rt_robin.o)
    0x10000054   0x00001f84   0x00000001   Data   RW         1374    .data               RTX_CM3.lib(hal_cm.o)
    0x10000055   0x00001f85   0x00000003   PAD
    0x10000058        -       0x00000040   Zero   RW          119    .bss                uart.o
    0x10000098        -       0x00000bc8   Zero   RW          152    .bss                rtx_conf_cm.o
    0x10000c60        -       0x00000034   Zero   RW          854    .bss                RTX_CM3.lib(rt_task.o)
    0x10000c94        -       0x00000030   Zero   RW         1104    .bss                RTX_CM3.lib(rt_list.o)
    0x10000cc4        -       0x00000060   Zero   RW         1432    .bss                c_w.l(libspace.o)
    0x10000d24   0x00001f85   0x00000004   PAD
    0x10000d28        -       0x00000000   Zero   RW          179    HEAP                startup_lpc17xx.o
    0x10000d28        -       0x00000200   Zero   RW          178    STACK               startup_lpc17xx.o


==============================================================================

Image component sizes


      Code (inc. data)   RO Data    RW Data    ZI Data      Debug   Object Name

       108         10          0          0          0      22322   joystick.o
       212         12         32          0          0       1727   led.o
       336        114          0          0          0       1072   main.o
       192         34         86         36       3016       8749   rtx_conf_cm.o
        64         26        204          0        512       1036   startup_lpc17xx.o
       752         30          0          4          0       1117   system_lpc17xx.o
       280         28          0          5         64      25993   uart.o

    ----------------------------------------------------------------------
      1944        254        356         48       3592      62016   Object Totals
         0          0         32          0          0          0   (incl. Generated)
         0          0          2          3          0          0   (incl. Padding)

    ----------------------------------------------------------------------

      Code (inc. data)   RO Data    RW Data    ZI Data      Debug   Library Member Name

       238         24          0          1          0       3256   hal_cm.o
       304         36          0          0          0        760   hal_cm3.o
      1160        146          0          8          0      32254   rt_cmsis.o
        80          4          0          0          0        653   rt_event.o
       530         34          0          0         48       8165   rt_list.o
       550         10          0          0          0       3897   rt_mailbox.o
       140          0          0          0          0       1901   rt_membox.o
       128          0          0          0          0       2275   rt_memory.o
       336         12          0          0          0       2057   rt_mutex.o
        96         22          0          8          0       1134   rt_robin.o
        52          4          0          0          0        565   rt_semaphore.o
       298         52          0          8          0       6151   rt_system.o
      1216        174          0          8         52       9545   rt_task.o
         6          0          0          4          0        636   rt_time.o
         4          4          0          0          0        200   svc_table.o
         8          0          0          0          0         68   __main.o
         0          0          0          0          0          0   __rtentry.o
        20          0          0          0          0          0   __rtentry2.o
         6          0          0          0          0          0   __rtentry4.o
        52          8          0          0          0          0   __scatter.o
        26          0          0          0          0          0   __scatter_copy.o
        28          0          0          0          0          0   __scatter_zi.o
        18          0          0          0          0         80   exit.o
         6          0          0          0          0        152   heapauxi.o
         0          0          0          0          0          0   indicate_semi.o
         2          0          0          0          0          0   libinit.o
         2          0          0          0          0          0   libinit2.o
         2          0          0          0          0          0   libshutdown.o
         2          0          0          0          0          0   libshutdown2.o
         8          4          0          0         96         68   libspace.o
       238          0          0          0          0        100   lludivv7m.o
         2          0          0          0          0          0   rtexit.o
        10          0          0          0          0          0   rtexit2.o
        12          4          0          0          0         68   sys_exit.o
        74          0          0          0          0         80   sys_stackheap_outer.o
         2          0          0          0          0         68   use_no_semi.o

    ----------------------------------------------------------------------
      5684        538          0         40        200      74133   Library Totals
        28          0          0          3          4          0   (incl. Padding)

    ----------------------------------------------------------------------

      Code (inc. data)   RO Data    RW Data    ZI Data      Debug   Library Name

      5138        522          0         37        100      73449   RTX_CM3.lib
       518         16          0          0         96        684   c_w.l

    ----------------------------------------------------------------------
      5684        538          0         40        200      74133   Library Totals

    ----------------------------------------------------------------------

==============================================================================


      Code (inc. data)   RO Data    RW Data    ZI Data      Debug   

      7628        792        356         88       3792     131777   Grand Totals
      7628        792        356         88       3792     131777   ELF Image Totals
      7628        792        356         88          0          0   ROM Totals

==============================================================================

    Total RO  Size (Code + RO Data)                 7984 (   7.80kB)
    Total RW  Size (RW Data + ZI Data)              3880 (   3.79kB)
    Total ROM Size (Code + RO Data + RW Data)       8072 (   7.88kB)

==============================================================================

